Name:         [1mtest[22m
Namespace:    velero
Labels:       app.kubernetes.io/instance=velero
              app.kubernetes.io/managed-by=Helm
              app.kubernetes.io/name=velero
              helm.sh/chart=velero-6.7.0
              helm.toolkit.fluxcd.io/name=velero
              helm.toolkit.fluxcd.io/namespace=velero
              velero.io/schedule-name=velero-nightly
              velero.io/storage-location=aws-s3
Annotations:  meta.helm.sh/release-name=velero
              meta.helm.sh/release-namespace=velero
              velero.io/resource-timeout=10m0s
              velero.io/source-cluster-k8s-gitversion=v1.30.3
              velero.io/source-cluster-k8s-major-version=1
              velero.io/source-cluster-k8s-minor-version=30

Phase:  [31mPartiallyFailed[0m (run `velero backup logs test` for more information)

Uploader config:
  Parallel files upload:  10


Warnings:
  Velero:     <none>
  Cluster:   resource: /persistentvolumes name: /pvc-39b576b3-0420-491b-b5f5-361f32273a1a message: /VolumeSnapshotter plugin doesn't support data movement.
             resource: /persistentvolumes name: /pvc-39b576b3-0420-491b-b5f5-361f32273a1a message: /No volume ID returned by volume snapshotter for persistent volume
             resource: /persistentvolumes name: /pvc-2226b16c-2b3b-4d75-8df4-33672546dd65 message: /VolumeSnapshotter plugin doesn't support data movement.
             resource: /persistentvolumes name: /pvc-2226b16c-2b3b-4d75-8df4-33672546dd65 message: /No volume ID returned by volume snapshotter for persistent volume
             resource: /persistentvolumes name: /pvc-f7c2bff1-95d2-4e57-bc94-bef9927d0171 message: /VolumeSnapshotter plugin doesn't support data movement.
             resource: /persistentvolumes name: /pvc-f7c2bff1-95d2-4e57-bc94-bef9927d0171 message: /No volume ID returned by volume snapshotter for persistent volume
             resource: /persistentvolumes name: /pvc-a3640810-e45b-4458-8387-237f5ab7750b message: /VolumeSnapshotter plugin doesn't support data movement.
             resource: /persistentvolumes name: /pvc-a3640810-e45b-4458-8387-237f5ab7750b message: /No volume ID returned by volume snapshotter for persistent volume
             resource: /persistentvolumes name: /pvc-6f53c24b-af3e-499d-94fc-979feebdf86c message: /VolumeSnapshotter plugin doesn't support data movement.
             resource: /persistentvolumes name: /pvc-6f53c24b-af3e-499d-94fc-979feebdf86c message: /No volume ID returned by volume snapshotter for persistent volume
             resource: /persistentvolumes name: /pvc-40df7ec7-4482-44a4-90b5-829fdec1094e message: /VolumeSnapshotter plugin doesn't support data movement.
             resource: /persistentvolumes name: /pvc-40df7ec7-4482-44a4-90b5-829fdec1094e message: /No volume ID returned by volume snapshotter for persistent volume
  Namespaces:
    ollama:      resource: /pods name: /ollama-78bc48b458-jjhl5 message: /Skip pod volume ollama-data error: /pod is not scheduled, name=ollama-78bc48b458-jjhl5, namespace=ollama, phase=Pending
    rook-ceph:   resource: /pods name: /rook-ceph-osd-prepare-tiffrig-8mzbq message: /Skip pod volume ceph-conf-emptydir error: /pod is not in the expected status, name=rook-ceph-osd-prepare-tiffrig-8mzbq, namespace=rook-ceph, phase=Succeeded: pod is not running
                 resource: /pods name: /rook-ceph-osd-prepare-tiffrig-8mzbq message: /Skip pod volume rook-binaries error: /pod is not in the expected status, name=rook-ceph-osd-prepare-tiffrig-8mzbq, namespace=rook-ceph, phase=Succeeded: pod is not running

Errors:
  Velero:    name: /csi-snapshotter-0 message: /Error backing up item error: /daemonset pod not found in running state in node bigrig
             name: /verify-pod message: /Error backing up item error: /daemonset pod not found in running state in node bigrig
             name: /helm-controller-76dff45854-tx9g8 message: /Error backing up item error: /daemonset pod not found in running state in node tiffrig
             name: /image-automation-controller-fb6c9df74-nrhsz message: /Error backing up item error: /daemonset pod not found in running state in node bigrig
             name: /image-reflector-controller-565565d549-7cjpk message: /Error backing up item error: /daemonset pod not found in running state in node bigrig
             name: /kustomize-controller-6bc5d5b96-6sqvx message: /Error backing up item error: /daemonset pod not found in running state in node tiffrig
             name: /notification-controller-7f5cd7fdb8-9n9xf message: /Error backing up item error: /daemonset pod not found in running state in node tiffrig
             name: /sealed-secrets-controller-76d9c6ccc8-bxzww message: /Error backing up item error: /daemonset pod not found in running state in node bigrig
             name: /source-controller-54c89dcbf6-msj7h message: /Error backing up item error: /daemonset pod not found in running state in node tiffrig
             name: /harbor-harbor-core-5b95b8b589-lvtdn message: /Error backing up item error: /daemonset pod not found in running state in node tiffrig
             name: /harbor-harbor-database-0 message: /Error backing up item error: /daemonset pod not found in running state in node bigrig
             name: /harbor-harbor-jobservice-5d4f696b5f-wbjcf message: /Error backing up item error: /daemonset pod not found in running state in node oppenheimer
             name: /harbor-harbor-redis-0 message: /Error backing up item error: /daemonset pod not found in running state in node bigrig
             name: /harbor-harbor-registry-565f7b845f-rbpjb message: /Error backing up item error: /daemonset pod not found in running state in node tiffrig
             name: /harbor-harbor-trivy-0 message: /Error backing up item error: /daemonset pod not found in running state in node bigrig
             name: /localai-local-ai-68776784c7-fs4ng message: /Error backing up item error: /daemonset pod not found in running state in node bigrig
             name: /alertmanager-kube-prometheus-stack-alertmanager-0 message: /Error backing up item error: /daemonset pod not found in running state in node oppenheimer
             name: /kube-prometheus-stack-grafana-5fdd59f7cf-pktsq message: /Error backing up item error: /daemonset pod not found in running state in node tiffrig
             name: /prometheus-kube-prometheus-stack-prometheus-0 message: /Error backing up item error: /daemonset pod not found in running state in node tiffrig
             name: /nextcloud-7865fd898-5zzxq message: /Error backing up item error: /daemonset pod not found in running state in node bigrig
             name: /nextcloud-mariadb-0 message: /Error backing up item error: /daemonset pod not found in running state in node bigrig
             name: /nextcloud-redis-master-0 message: /Error backing up item error: /daemonset pod not found in running state in node bigrig
             name: /nextcloud-redis-replicas-0 message: /Error backing up item error: /daemonset pod not found in running state in node tiffrig
             name: /nextcloud-redis-replicas-1 message: /Error backing up item error: /daemonset pod not found in running state in node oppenheimer
             name: /nextcloud-redis-replicas-2 message: /Error backing up item error: /daemonset pod not found in running state in node bigrig
             name: /ollama-6db99b8dbc-dvk5s message: /Error backing up item error: /daemonset pod not found in running state in node bigrig
             name: /open-webui-0 message: /Error backing up item error: /daemonset pod not found in running state in node oppenheimer
             name: /open-webui-pipelines-5b8965b9b6-jqz5t message: /Error backing up item error: /daemonset pod not found in running state in node tiffrig
             name: /csi-cephfsplugin-22mlf message: /Error backing up item error: /daemonset pod not found in running state in node bigrig
             name: /csi-cephfsplugin-jtfsg message: /Error backing up item error: /daemonset pod not found in running state in node oppenheimer
             name: /csi-cephfsplugin-provisioner-6d95d7699-vccpp message: /Error backing up item error: /daemonset pod not found in running state in node tiffrig
             name: /csi-cephfsplugin-provisioner-6d95d7699-wm5jp message: /Error backing up item error: /daemonset pod not found in running state in node bigrig
             name: /csi-cephfsplugin-r8cl2 message: /Error backing up item error: /daemonset pod not found in running state in node tiffrig
             name: /csi-rbdplugin-7hzsk message: /Error backing up item error: /daemonset pod not found in running state in node oppenheimer
             name: /csi-rbdplugin-provisioner-5f6987779d-25dgc message: /Error backing up item error: /daemonset pod not found in running state in node tiffrig
             name: /csi-rbdplugin-provisioner-5f6987779d-mf8b5 message: /Error backing up item error: /daemonset pod not found in running state in node bigrig
             name: /csi-rbdplugin-tcjkj message: /Error backing up item error: /daemonset pod not found in running state in node bigrig
             name: /csi-rbdplugin-v25dw message: /Error backing up item error: /daemonset pod not found in running state in node tiffrig
             name: /rook-ceph-mds-ceph-filesystem-a-5c47d4b8bd-9rwl8 message: /Error backing up item error: /daemonset pod not found in running state in node tiffrig
             name: /rook-ceph-mds-ceph-filesystem-b-5db76f8d5d-qvzsj message: /Error backing up item error: /daemonset pod not found in running state in node bigrig
             name: /rook-ceph-mgr-a-6699594d68-zb8rd message: /Error backing up item error: /daemonset pod not found in running state in node oppenheimer
             name: /rook-ceph-mgr-b-f5d89db77-jxk2w message: /Error backing up item error: /daemonset pod not found in running state in node tiffrig
             name: /rook-ceph-operator-7bd669478b-9sqtl message: /Error backing up item error: /daemonset pod not found in running state in node tiffrig
             name: /rook-ceph-rgw-ceph-objectstore-a-85c8cf8887-7m6wl message: /Error backing up item error: /daemonset pod not found in running state in node tiffrig
             name: /rook-ceph-tools-6ff5c76cc7-zbtb5 message: /Error backing up item error: /daemonset pod not found in running state in node tiffrig
             name: /traefik-7c8x2 message: /Error backing up item error: /daemonset pod not found in running state in node oppenheimer
             name: /traefik-nnhjw message: /Error backing up item error: /daemonset pod not found in running state in node tiffrig
             name: /traefik-ntwvl message: /Error backing up item error: /daemonset pod not found in running state in node bigrig
             name: /velero-6865bf6548-swd6g message: /Error backing up item error: /daemonset pod not found in running state in node oppenheimer
  Cluster:    <none>
  Namespaces: <none>

Namespaces:
  Included:  *
  Excluded:  <none>

Resources:
  Included:        *
  Excluded:        <none>
  Cluster-scoped:  auto

Label selector:  <none>

Or label selector:  <none>

Storage Location:  aws-s3

Velero-Native Snapshot PVs:  auto
Snapshot Move Data:          true
Data Mover:                  velero

TTL:  168h0m0s

CSISnapshotTimeout:    10m0s
ItemOperationTimeout:  4h0m0s

Hooks:  <none>

Backup Format Version:  1.1.0

Started:    2024-07-31 16:20:39 -0400 EDT
Completed:  2024-07-31 16:21:02 -0400 EDT

Expiration:  2024-08-07 16:20:39 -0400 EDT

Total items to be backed up:  1673
Items backed up:              1673

Resource List:
  admissionregistration.k8s.io/v1/ValidatingWebhookConfiguration:
    - validating-webhook-configuration
  apiextensions.k8s.io/v1/CustomResourceDefinition:
    - accesscontrolpolicies.hub.traefik.io
    - addresspools.metallb.io
    - alertmanagerconfigs.monitoring.coreos.com
    - alertmanagers.monitoring.coreos.com
    - alerts.notification.toolkit.fluxcd.io
    - apiaccesses.hub.traefik.io
    - apiportals.hub.traefik.io
    - apiratelimits.hub.traefik.io
    - apis.hub.traefik.io
    - apiversions.hub.traefik.io
    - backendtlspolicies.gateway.networking.k8s.io
    - backuprepositories.velero.io
    - backups.velero.io
    - backupstoragelocations.velero.io
    - bfdprofiles.metallb.io
    - bgpadvertisements.metallb.io
    - bgpconfigurations.crd.projectcalico.org
    - bgppeers.crd.projectcalico.org
    - bgppeers.metallb.io
    - blockaffinities.crd.projectcalico.org
    - buckets.source.toolkit.fluxcd.io
    - caliconodestatuses.crd.projectcalico.org
    - cephblockpoolradosnamespaces.ceph.rook.io
    - cephblockpools.ceph.rook.io
    - cephbucketnotifications.ceph.rook.io
    - cephbuckettopics.ceph.rook.io
    - cephclients.ceph.rook.io
    - cephclusters.ceph.rook.io
    - cephcosidrivers.ceph.rook.io
    - cephfilesystemmirrors.ceph.rook.io
    - cephfilesystems.ceph.rook.io
    - cephfilesystemsubvolumegroups.ceph.rook.io
    - cephnfses.ceph.rook.io
    - cephobjectrealms.ceph.rook.io
    - cephobjectstores.ceph.rook.io
    - cephobjectstoreusers.ceph.rook.io
    - cephobjectzonegroups.ceph.rook.io
    - cephobjectzones.ceph.rook.io
    - cephrbdmirrors.ceph.rook.io
    - clusterinformations.crd.projectcalico.org
    - clusterpolicies.nvidia.com
    - communities.metallb.io
    - datadownloads.velero.io
    - datauploads.velero.io
    - deletebackuprequests.velero.io
    - downloadrequests.velero.io
    - felixconfigurations.crd.projectcalico.org
    - gatewayclasses.gateway.networking.k8s.io
    - gateways.gateway.networking.k8s.io
    - gitrepositories.source.toolkit.fluxcd.io
    - globalnetworkpolicies.crd.projectcalico.org
    - globalnetworksets.crd.projectcalico.org
    - grpcroutes.gateway.networking.k8s.io
    - helmcharts.source.toolkit.fluxcd.io
    - helmreleases.helm.toolkit.fluxcd.io
    - helmrepositories.source.toolkit.fluxcd.io
    - hostendpoints.crd.projectcalico.org
    - httproutes.gateway.networking.k8s.io
    - imagepolicies.image.toolkit.fluxcd.io
    - imagerepositories.image.toolkit.fluxcd.io
    - imageupdateautomations.image.toolkit.fluxcd.io
    - ingressroutes.traefik.io
    - ingressroutetcps.traefik.io
    - ingressrouteudps.traefik.io
    - ipaddresspools.metallb.io
    - ipamblocks.crd.projectcalico.org
    - ipamconfigs.crd.projectcalico.org
    - ipamhandles.crd.projectcalico.org
    - ippools.crd.projectcalico.org
    - ipreservations.crd.projectcalico.org
    - kubecontrollersconfigurations.crd.projectcalico.org
    - kustomizations.kustomize.toolkit.fluxcd.io
    - l2advertisements.metallb.io
    - middlewares.traefik.io
    - middlewaretcps.traefik.io
    - networkpolicies.crd.projectcalico.org
    - networksets.crd.projectcalico.org
    - nodefeaturegroups.nfd.k8s-sigs.io
    - nodefeaturerules.nfd.k8s-sigs.io
    - nodefeatures.nfd.k8s-sigs.io
    - nvidiadrivers.nvidia.com
    - objectbucketclaims.objectbucket.io
    - objectbuckets.objectbucket.io
    - ocirepositories.source.toolkit.fluxcd.io
    - podmonitors.monitoring.coreos.com
    - podvolumebackups.velero.io
    - podvolumerestores.velero.io
    - probes.monitoring.coreos.com
    - prometheusagents.monitoring.coreos.com
    - prometheuses.monitoring.coreos.com
    - prometheusrules.monitoring.coreos.com
    - providers.notification.toolkit.fluxcd.io
    - receivers.notification.toolkit.fluxcd.io
    - referencegrants.gateway.networking.k8s.io
    - restores.velero.io
    - schedules.velero.io
    - scrapeconfigs.monitoring.coreos.com
    - sealedsecrets.bitnami.com
    - serverstatusrequests.velero.io
    - serverstransports.traefik.io
    - serverstransporttcps.traefik.io
    - servicemonitors.monitoring.coreos.com
    - tcproutes.gateway.networking.k8s.io
    - thanosrulers.monitoring.coreos.com
    - tlsoptions.traefik.io
    - tlsroutes.gateway.networking.k8s.io
    - tlsstores.traefik.io
    - traefikservices.traefik.io
    - udproutes.gateway.networking.k8s.io
    - volumesnapshotclasses.snapshot.storage.k8s.io
    - volumesnapshotcontents.snapshot.storage.k8s.io
    - volumesnapshotlocations.velero.io
    - volumesnapshots.snapshot.storage.k8s.io
  apiregistration.k8s.io/v1/APIService:
    - v1.
    - v1.admissionregistration.k8s.io
    - v1.apiextensions.k8s.io
    - v1.apps
    - v1.authentication.k8s.io
    - v1.authorization.k8s.io
    - v1.autoscaling
    - v1.batch
    - v1.ceph.rook.io
    - v1.certificates.k8s.io
    - v1.coordination.k8s.io
    - v1.crd.projectcalico.org
    - v1.discovery.k8s.io
    - v1.events.k8s.io
    - v1.flowcontrol.apiserver.k8s.io
    - v1.gateway.networking.k8s.io
    - v1.kustomize.toolkit.fluxcd.io
    - v1.monitoring.coreos.com
    - v1.networking.k8s.io
    - v1.node.k8s.io
    - v1.notification.toolkit.fluxcd.io
    - v1.nvidia.com
    - v1.policy
    - v1.rbac.authorization.k8s.io
    - v1.scheduling.k8s.io
    - v1.snapshot.storage.k8s.io
    - v1.source.toolkit.fluxcd.io
    - v1.storage.k8s.io
    - v1.velero.io
    - v1alpha1.bitnami.com
    - v1alpha1.hub.traefik.io
    - v1alpha1.metallb.io
    - v1alpha1.monitoring.coreos.com
    - v1alpha1.nfd.k8s-sigs.io
    - v1alpha1.nvidia.com
    - v1alpha1.objectbucket.io
    - v1alpha1.traefik.io
    - v1alpha2.gateway.networking.k8s.io
    - v1beta1.gateway.networking.k8s.io
    - v1beta1.image.toolkit.fluxcd.io
    - v1beta1.kustomize.toolkit.fluxcd.io
    - v1beta1.metallb.io
    - v1beta1.notification.toolkit.fluxcd.io
    - v1beta1.source.toolkit.fluxcd.io
    - v1beta2.image.toolkit.fluxcd.io
    - v1beta2.kustomize.toolkit.fluxcd.io
    - v1beta2.metallb.io
    - v1beta2.notification.toolkit.fluxcd.io
    - v1beta2.source.toolkit.fluxcd.io
    - v1beta3.flowcontrol.apiserver.k8s.io
    - v1beta3.notification.toolkit.fluxcd.io
    - v2.autoscaling
    - v2.helm.toolkit.fluxcd.io
    - v2alpha1.velero.io
    - v2beta1.helm.toolkit.fluxcd.io
    - v2beta2.helm.toolkit.fluxcd.io
  apps/v1/ControllerRevision:
    - default/csi-snapshotter-696c6cd94f
    - harbor/harbor-harbor-database-79d94bc94f
    - harbor/harbor-harbor-redis-7685998578
    - harbor/harbor-harbor-trivy-c8c9d7555
    - kube-system/calico-node-7fbd5c58f
    - kube-system/calico-node-d9fc9c5b8
    - metallb-system/speaker-5987797d76
    - monitoring/alertmanager-kube-prometheus-stack-alertmanager-5bcb4bdcff
    - monitoring/kube-prometheus-stack-prometheus-node-exporter-d8d4f8b8f
    - monitoring/prometheus-kube-prometheus-stack-prometheus-5d569464
    - nextcloud/nextcloud-mariadb-74b95b5d74
    - nextcloud/nextcloud-redis-master-6bc95b5ddd
    - nextcloud/nextcloud-redis-replicas-7b68b9c4cd
    - nvidia-gpu-operator/gpu-feature-discovery-54f88d4588
    - nvidia-gpu-operator/nvidia-container-toolkit-daemonset-7c9c98f4bd
    - nvidia-gpu-operator/nvidia-dcgm-exporter-684668d664
    - nvidia-gpu-operator/nvidia-device-plugin-daemonset-5b79fd85d4
    - nvidia-gpu-operator/nvidia-device-plugin-mps-control-daemon-574b5dccbc
    - nvidia-gpu-operator/nvidia-gpu-driver-ubuntu22.04-7cd68cf98f-5976cd7cdf
    - nvidia-gpu-operator/nvidia-gpu-operator-node-feature-discovery-worker-5c8c54dd74
    - nvidia-gpu-operator/nvidia-mig-manager-746f79485b
    - nvidia-gpu-operator/nvidia-operator-validator-6559d65795
    - ollama/open-webui-6b44fb6466
    - rook-ceph/csi-cephfsplugin-69b8c6666f
    - rook-ceph/csi-cephfsplugin-85657fc569
    - rook-ceph/csi-rbdplugin-55bb97544b
    - rook-ceph/csi-rbdplugin-8666865bc4
    - traefik/traefik-5b777d7c77
  apps/v1/DaemonSet:
    - kube-system/calico-node
    - metallb-system/speaker
    - monitoring/kube-prometheus-stack-prometheus-node-exporter
    - nvidia-gpu-operator/gpu-feature-discovery
    - nvidia-gpu-operator/nvidia-container-toolkit-daemonset
    - nvidia-gpu-operator/nvidia-dcgm-exporter
    - nvidia-gpu-operator/nvidia-device-plugin-daemonset
    - nvidia-gpu-operator/nvidia-device-plugin-mps-control-daemon
    - nvidia-gpu-operator/nvidia-gpu-driver-ubuntu22.04-7cd68cf98f
    - nvidia-gpu-operator/nvidia-gpu-operator-node-feature-discovery-worker
    - nvidia-gpu-operator/nvidia-mig-manager
    - nvidia-gpu-operator/nvidia-operator-validator
    - rook-ceph/csi-cephfsplugin
    - rook-ceph/csi-rbdplugin
    - traefik/traefik
  apps/v1/Deployment:
    - cloudflare/cloudflare-cloudflared-cloudflare-tunnel-remote
    - flux-system/capacitor
    - flux-system/helm-controller
    - flux-system/image-automation-controller
    - flux-system/image-reflector-controller
    - flux-system/kustomize-controller
    - flux-system/notification-controller
    - flux-system/sealed-secrets-controller
    - flux-system/source-controller
    - flux-system/ww-gitops-weave-gitops
    - harbor/harbor-harbor-core
    - harbor/harbor-harbor-jobservice
    - harbor/harbor-harbor-portal
    - harbor/harbor-harbor-registry
    - jellyfin/jellyfin
    - jellyfin/torrents
    - kube-system/calico-kube-controllers
    - kube-system/coredns
    - kube-system/hostpath-provisioner
    - kube-system/snapshot-controller
    - localai/localai-local-ai
    - metallb-system/controller
    - monitoring/kube-prometheus-stack-grafana
    - monitoring/kube-prometheus-stack-kube-state-metrics
    - nextcloud/nextcloud
    - nvidia-gpu-operator/gpu-operator
    - nvidia-gpu-operator/nvidia-gpu-operator-node-feature-discovery-gc
    - nvidia-gpu-operator/nvidia-gpu-operator-node-feature-discovery-master
    - ollama/ollama
    - ollama/open-webui-pipelines
    - rook-ceph/csi-cephfsplugin-provisioner
    - rook-ceph/csi-rbdplugin-provisioner
    - rook-ceph/rook-ceph-crashcollector-bigrig
    - rook-ceph/rook-ceph-crashcollector-oppenheimer
    - rook-ceph/rook-ceph-crashcollector-tiffrig
    - rook-ceph/rook-ceph-exporter-bigrig
    - rook-ceph/rook-ceph-exporter-oppenheimer
    - rook-ceph/rook-ceph-exporter-tiffrig
    - rook-ceph/rook-ceph-mds-ceph-filesystem-a
    - rook-ceph/rook-ceph-mds-ceph-filesystem-b
    - rook-ceph/rook-ceph-mgr-a
    - rook-ceph/rook-ceph-mgr-b
    - rook-ceph/rook-ceph-mon-b
    - rook-ceph/rook-ceph-mon-c
    - rook-ceph/rook-ceph-mon-d
    - rook-ceph/rook-ceph-operator
    - rook-ceph/rook-ceph-osd-0
    - rook-ceph/rook-ceph-osd-1
    - rook-ceph/rook-ceph-osd-2
    - rook-ceph/rook-ceph-osd-3
    - rook-ceph/rook-ceph-rgw-ceph-objectstore-a
    - rook-ceph/rook-ceph-tools
    - velero/velero
  apps/v1/ReplicaSet:
    - cloudflare/cloudflare-cloudflared-cloudflare-tunnel-remote-c977fc4fc
    - flux-system/capacitor-76b57ffc6f
    - flux-system/helm-controller-76dff45854
    - flux-system/image-automation-controller-fb6c9df74
    - flux-system/image-reflector-controller-565565d549
    - flux-system/kustomize-controller-6bc5d5b96
    - flux-system/notification-controller-7f5cd7fdb8
    - flux-system/sealed-secrets-controller-76d9c6ccc8
    - flux-system/source-controller-54c89dcbf6
    - flux-system/ww-gitops-weave-gitops-598cbd6cdf
    - harbor/harbor-harbor-core-5b95b8b589
    - harbor/harbor-harbor-jobservice-5d4f696b5f
    - harbor/harbor-harbor-portal-6b946d9b
    - harbor/harbor-harbor-registry-565f7b845f
    - kube-system/calico-kube-controllers-796fb75cc
    - kube-system/coredns-5986966c54
    - kube-system/hostpath-provisioner-7c8bdf94b8
    - kube-system/snapshot-controller-7fb8d5b56b
    - localai/localai-local-ai-68776784c7
    - metallb-system/controller-5484c5f99f
    - monitoring/kube-prometheus-stack-grafana-5fdd59f7cf
    - monitoring/kube-prometheus-stack-kube-state-metrics-5746465ffc
    - nextcloud/nextcloud-7865fd898
    - nvidia-gpu-operator/gpu-operator-59f4658fdb
    - nvidia-gpu-operator/nvidia-gpu-operator-node-feature-discovery-gc-7c99ff57c5
    - nvidia-gpu-operator/nvidia-gpu-operator-node-feature-discovery-master-749c9dcc9d
    - ollama/ollama-6db99b8dbc
    - ollama/ollama-78bc48b458
    - ollama/open-webui-pipelines-5b8965b9b6
    - rook-ceph/csi-cephfsplugin-provisioner-6d95d7699
    - rook-ceph/csi-rbdplugin-provisioner-5f6987779d
    - rook-ceph/rook-ceph-crashcollector-bigrig-6cb55577d8
    - rook-ceph/rook-ceph-crashcollector-bigrig-968d548db
    - rook-ceph/rook-ceph-crashcollector-oppenheimer-6cc5f97ff4
    - rook-ceph/rook-ceph-crashcollector-tiffrig-7544d4f465
    - rook-ceph/rook-ceph-crashcollector-tiffrig-7fb9fb94b7
    - rook-ceph/rook-ceph-exporter-bigrig-6985b59bff
    - rook-ceph/rook-ceph-exporter-bigrig-77b864cbf
    - rook-ceph/rook-ceph-exporter-oppenheimer-6d9994d8d5
    - rook-ceph/rook-ceph-exporter-tiffrig-59b4c7df4
    - rook-ceph/rook-ceph-exporter-tiffrig-6954fc6744
    - rook-ceph/rook-ceph-mds-ceph-filesystem-a-5c47d4b8bd
    - rook-ceph/rook-ceph-mds-ceph-filesystem-b-5db76f8d5d
    - rook-ceph/rook-ceph-mgr-a-6699594d68
    - rook-ceph/rook-ceph-mgr-b-f5d89db77
    - rook-ceph/rook-ceph-mon-b-6b46757697
    - rook-ceph/rook-ceph-mon-c-5fbccf84f9
    - rook-ceph/rook-ceph-mon-d-5fd79dfd55
    - rook-ceph/rook-ceph-operator-7bd669478b
    - rook-ceph/rook-ceph-osd-0-785d4f6484
    - rook-ceph/rook-ceph-osd-1-66c44dd774
    - rook-ceph/rook-ceph-osd-2-5dff9495cc
    - rook-ceph/rook-ceph-osd-3-5c5785699b
    - rook-ceph/rook-ceph-rgw-ceph-objectstore-a-85c8cf8887
    - rook-ceph/rook-ceph-tools-6ff5c76cc7
    - velero/velero-6865bf6548
  apps/v1/StatefulSet:
    - default/csi-snapshotter
    - harbor/harbor-harbor-database
    - harbor/harbor-harbor-redis
    - harbor/harbor-harbor-trivy
    - nextcloud/nextcloud-mariadb
    - nextcloud/nextcloud-redis-master
    - nextcloud/nextcloud-redis-replicas
    - ollama/open-webui
  batch/v1/Job:
    - rook-ceph/rook-ceph-osd-prepare-bigrig
    - rook-ceph/rook-ceph-osd-prepare-oppenheimer
    - rook-ceph/rook-ceph-osd-prepare-tiffrig
  bitnami.com/v1alpha1/SealedSecret:
    - cloudflare/secret-values
    - jellyfin/wireguard-config
    - nextcloud/mariadb-passwords
    - nextcloud/nextcloud-admin
    - nextcloud/redis-password
    - nextcloud/secret-values
    - nextcloud/selfsigned-tls
    - ollama/selfsigned-tls
    - traefik/selfsigned-tls
    - velero/backuplocation-credentials
  ceph.rook.io/v1/CephBlockPool:
    - rook-ceph/ceph-blockpool
  ceph.rook.io/v1/CephCluster:
    - rook-ceph/rook-ceph-cluster
  ceph.rook.io/v1/CephFilesystem:
    - rook-ceph/ceph-filesystem
  ceph.rook.io/v1/CephFilesystemSubVolumeGroup:
    - rook-ceph/ceph-filesystem-csi
  ceph.rook.io/v1/CephObjectStore:
    - rook-ceph/ceph-objectstore
  coordination.k8s.io/v1/Lease:
    - flux-system/helm-controller-leader-election
    - flux-system/image-automation-controller-leader-election
    - flux-system/image-reflector-controller-leader-election
    - flux-system/kustomize-controller-leader-election
    - flux-system/notification-controller-leader-election
    - flux-system/source-controller-leader-election
    - kube-node-lease/bigrig
    - kube-node-lease/oppenheimer
    - kube-node-lease/tiffrig
    - kube-system/apiserver-66yqk3clcj5wnwfv3gibfew5da
    - kube-system/apiserver-hp3ngsnynshwcxeck53dqgwrzu
    - kube-system/apiserver-pgc3nx3cp6ndphwt7uz7dnmnxi
    - kube-system/kube-controller-manager
    - kube-system/kube-scheduler
    - kube-system/microk8s.io-hostpath
    - kube-system/snapshot-controller-leader
    - nvidia-gpu-operator/53822513.nvidia.com
    - rook-ceph/external-attacher-leader-rook-ceph-cephfs-csi-ceph-com
    - rook-ceph/external-attacher-leader-rook-ceph-rbd-csi-ceph-com
    - rook-ceph/external-resizer-rook-ceph-cephfs-csi-ceph-com
    - rook-ceph/external-resizer-rook-ceph-rbd-csi-ceph-com
    - rook-ceph/external-snapshotter-leader-rook-ceph-cephfs-csi-ceph-com
    - rook-ceph/external-snapshotter-leader-rook-ceph-rbd-csi-ceph-com
    - rook-ceph/rook-ceph-cephfs-csi-ceph-com
    - rook-ceph/rook-ceph-rbd-csi-ceph-com
  crd.projectcalico.org/v1/BlockAffinity:
    - bigrig-10-1-72-128-26
    - oppenheimer-10-1-222-192-26
    - tiffrig-10-1-154-128-26
  crd.projectcalico.org/v1/ClusterInformation:
    - default
  crd.projectcalico.org/v1/FelixConfiguration:
    - default
  crd.projectcalico.org/v1/IPAMBlock:
    - 10-1-154-128-26
    - 10-1-222-192-26
    - 10-1-72-128-26
  crd.projectcalico.org/v1/IPAMConfig:
    - default
  crd.projectcalico.org/v1/IPAMHandle:
    - k8s-pod-network.0048c99e8762a0416a9c6400e5adf8132465dcb8994661bcc991ce8b64b9ac4d
    - k8s-pod-network.0421d3da78b5a62a18dc11bf3494228029faa25da09d0ed4f98ea355355dc8be
    - k8s-pod-network.043442150d0b9818b6e0bdf2ee78938228bac1f7ac99d6427f882878eb2b9538
    - k8s-pod-network.0908def201a5a2af7eeaed76590b6a56d65a399779374f04b76b4b7b7016bb2d
    - k8s-pod-network.0d33567e8dd1a5ee6a250dee3b8483f498fcf6fad1781710eb7b9c1d70af2095
    - k8s-pod-network.0fbf90d1221fc39fdc52609934f5be60ed2f1f0e2585350d025854b9c22fe66a
    - k8s-pod-network.11dc7faa20ded27ab75d57f914d6ecaa81743c96655b660ae1a043bd21f3673c
    - k8s-pod-network.148b801dd9b05370d5a2b3403f5fd713d77c78e2894de4a27cca962ab06e6129
    - k8s-pod-network.14935743385463edfebb33f48d857b3965c8c0280122a5f435dba5824be71f85
    - k8s-pod-network.1665094f0d4bad55c07e5df33272e1418d296af0b6e5c147fc34c809beb5b26f
    - k8s-pod-network.1be7753d3a67c4ee416c12b8b20724cf9726b53e5617ffb4f6a4c552dcee3347
    - k8s-pod-network.1c5f5af1a97517251aeed86abbd52c0776a2f2999ab7bb2b7ea5fd15cdbc12d4
    - k8s-pod-network.1c71a90849858b59d448b48f1266a0c414f63bb921e9243a59f856bc6f75d901
    - k8s-pod-network.204e95fb42f0a899a4ad7a09aeb94e1f3c279a456a02d0cc0dcde1981b5f911a
    - k8s-pod-network.209ab3e4fbd58cea1173c7a12cc453bae059c40dfdfc6dcb44b7bc52917e82f7
    - k8s-pod-network.23049eef14915a3705a9fd50d82528ccd7a99255fb34120db1086bbc03280a73
    - k8s-pod-network.23c3dfd7a471ef411f75ee331360889d6233ad461c3c1a87775d47d2fac70a29
    - k8s-pod-network.2472064feefd99181858109d43c14cde757da368e20e163cbffb55dd10b77ec9
    - k8s-pod-network.24e9af014a5045d5bbc88e90a7609d6377aad4638c05c306ff8cd2eeace1cb94
    - k8s-pod-network.260266b2ff2c65b62018d0ee7b42b7124da2a6491c3f9dae62a9b28f82deeeb2
    - k8s-pod-network.2a1d87bd12521b309ebffe667d7f743358923f2d480ee39d7f51171104bf812c
    - k8s-pod-network.2c2a36d47be9b3c2d3c14f3167ae5d0c8bd45f3bbdd48c6cc19c03ab27fed101
    - k8s-pod-network.2f93c2a1f7fd4e278d90e01c18a1d73db602c41f497938ef46fe41ba29de060d
    - k8s-pod-network.344ac0b73eb962e6f76d31809502fded9a8a69741c675be235966fb7b219b512
    - k8s-pod-network.36dbfcc099944f0d20490ace83fd77f21517201c421cf25322f1e76d0311ae72
    - k8s-pod-network.36ea0a60b83b9f1ed1926b1f5f12b2f24fa2cf42d6f43d3e5705dc1fab652180
    - k8s-pod-network.37c845d50ea0786d723ccad018afffde9341ae2105f725f92ef847a00203255a
    - k8s-pod-network.3892fda992786391fcf065b597e254ba9a257beae14c02a5c3e72439605b20b9
    - k8s-pod-network.3af792306037a8059dc2f6d52208b21ad044c983abc11f62a955ae9f4552df14
    - k8s-pod-network.3b977eb5e22be295af8995168e692025ef35870ca7b7c9eb3c767b178d1899d5
    - k8s-pod-network.43bde370959551f05ea9dfd10bad24729df0129277353b402179ca1a5f589b63
    - k8s-pod-network.4575efc6c622b2d7fa6d322c3fbb404263621e8372aef1ca849d8396b9783b5d
    - k8s-pod-network.48a7162285fbbb03b74b01344ff1b99ba0bd6c5c45a1255a90ede79ff6ef27ac
    - k8s-pod-network.4d04fb10739411e51cd47417c652b150728202a12e5d1bc6a6391adbf1512b24
    - k8s-pod-network.4d786664d7d48cd006ed6ff088c656e3b5edf478658e5691c684c43ffcbd415e
    - k8s-pod-network.4fdfa6f9ba38ae29d738817c3638edc31138944cefc0e91251ade45ed935f828
    - k8s-pod-network.5412afa0eb0c4eab16fedfa04317aa7bdd5c4ba0e6b4633e4dbd1094f774ddc1
    - k8s-pod-network.5470ebbfb0c7d28269daef2c140099487183b4b06bdd1f6225889adc27df921b
    - k8s-pod-network.569d75463ca0183efa495ee4dc8fed6cb8a9307cb04b259b42d391aca4451d19
    - k8s-pod-network.57b8df74c39f91e1f530f8f632da13e70c43f2cb2a4972ad5ca7821de3c68f35
    - k8s-pod-network.5a329d710d5fef2e96ff7207e86f815ff231a59d6d7f80ff366579a2234611a0
    - k8s-pod-network.5ae6879950e01073d1a662d02fdf1707c3a5dd2ca03ba697ab54071718baecf8
    - k8s-pod-network.64dad43f33c9884b3bbddfb13e1df18c7a61dce1b754b1428c81b8c82a7cc5ad
    - k8s-pod-network.65e6ee170faa87b624dc7ec3851fdedf63003547a3719c1b40c2f46a6a29d7f8
    - k8s-pod-network.6896773d955876eed09b7ff8d03a4fbfcf9b9fae353093a7040240eaa477afbe
    - k8s-pod-network.6a023695302ef7d6ca6c66b4907bc698ee1fe75f3d975de9d9ae7763298be449
    - k8s-pod-network.7197b2522fa5f259752c7f861f9168de8d06289de71dc487b2ac1abc7b03f8fc
    - k8s-pod-network.74bc30dcc583c22d134319c37f03d92171de1f87d10f17f9d3fe11d24b927295
    - k8s-pod-network.779c2137f8cca715ace34e8ed0dae6f88d8c5330d0391294e0f714e48d6ba57d
    - k8s-pod-network.78257197c4ded7a9f4304dd6a7622bbd6e369364b14aabc953c7d526ee8723d6
    - k8s-pod-network.7975f37091b05f18c68c96eaae71d3d340d8e522e69692f10b14bce5c141fefa
    - k8s-pod-network.81f8c79e35d2e9efe0f61c43bc30a9c73a07237aa1a9799fc184bc1646e69591
    - k8s-pod-network.8543891aa28f45a90553c0a1e8f0761bd12445d15a970ebc5f979e2a94dbb006
    - k8s-pod-network.8936242110c22607355256799bcb0ac352e56fe70e4c5121146b5b94c6d23ca5
    - k8s-pod-network.8bab9b34162ffc16cb9fa756e7dc1ea47e20c49a024b75b24a6c2318e51c55c9
    - k8s-pod-network.9377145d66badf803eed3d31f587c3787055bf7241e40d66fdf9565d5af7604f
    - k8s-pod-network.94af732be82b33f2b3f03dcd3b7b127c98492d63b53f17f6751e3e4be2cd73fc
    - k8s-pod-network.9bcb952131a18e8030cb3e54820c71797d271a5f37c6683c277fccf069b1998c
    - k8s-pod-network.9f2d1491baf07b8b33acd8a59380a17a39224caeefa93f66ee071cf74a5701e5
    - k8s-pod-network.a02d24cfebc9878e22f0c232aa3682f791a6deb53320446c1abf2ce784e7896a
    - k8s-pod-network.a10670a3703a47dea8e0296828634ce0aa6ba41037a2bda2c8f782936bb00921
    - k8s-pod-network.a9a0b6b736dd4cc389217611256604f8db7cf9198f64d241c7577735ec8b605e
    - k8s-pod-network.aaead3551ad12555d28db829596c3e677ded0762a554d96004443b5fb94b21e5
    - k8s-pod-network.ad4af35420f20eca68e207fd9ed92978e7503684074497c6cfc1dba49eec7ef4
    - k8s-pod-network.b383989cd1e764878f7805f3e88b5d16a964460cfac3efcb4380c378a4d58593
    - k8s-pod-network.b49de9a1e553c5480f17b9c812dd78d42db50e066b7f53eb20ec7a9289ff0ffc
    - k8s-pod-network.b8b728dc64bb03af68cd022c69ff7af340ed6a7853540fb7ccc0535c56b2bc86
    - k8s-pod-network.c046d15fbe1ee74ee5eef9a5a4969c791f657a98ffb93a5bb551ff37d9697085
    - k8s-pod-network.c36e16e89c9ff325a1ad8ef32fc031238584a901aeed22486a4a2c0e334301ad
    - k8s-pod-network.c8bc6f566b247f0a036dd02b03f1c8517fc2ac30f29d4394a606e2156a023ba5
    - k8s-pod-network.c90147df16c7c78f59f6c68d3cc4f96df2a8383684c1629d353f85def87cca4f
    - k8s-pod-network.c99caa7d7f0701defb37d0a33671b53cb5150578b3e027b5044e8cfd6021e7a4
    - k8s-pod-network.d39c86d510f66b4daf07dd372051f61ac84cb31297cbdb6905e1600d56591ac5
    - k8s-pod-network.da588b6ba1538785f817e53398a898816e7ddd84ade87c42698171875cf73888
    - k8s-pod-network.e05ba09a63178481d3c8827f02ac163621c1d2253d4ae06eec457b71bb0f0e03
    - k8s-pod-network.e5dbf7d2008d079c0cfa61f2bf2f82f5cd40ca905b4c67afdd61ad2cc2b3c24f
    - k8s-pod-network.e8b6ca0c4eb19c370924a731322b06df90292f1eeabcbda108054a8d4b5d96fe
    - k8s-pod-network.e9509a8bab73e13e366a83677154fba2b74a1aa3591d9173685a0f10b6ad4548
    - k8s-pod-network.ed9d538fe38079066451b1a859871ba1f04d78a86724eedd67e51b1df46eec3d
    - k8s-pod-network.f355fa7cc15860f81f07ce5dba42301cde604c3a1d3b98b00282615561471df6
    - k8s-pod-network.fcaab47fccb56cc5b14af86f35e3b653c8b5d60b73cf04d70d78b3517c704563
    - k8s-pod-network.fe1a66e9822b2d6aaa519065ca34304c616e431d50a05f6810a43408b1324926
    - k8s-pod-network.fff0c0bad7ee728e4afaa8399194ee72e2294c59dca0c435ba0e587b9e1e12e1
    - vxlan-tunnel-addr-bigrig
    - vxlan-tunnel-addr-oppenheimer
    - vxlan-tunnel-addr-tiffrig
  crd.projectcalico.org/v1/IPPool:
    - default-ipv4-ippool
  crd.projectcalico.org/v1/KubeControllersConfiguration:
    - default
  discovery.k8s.io/v1/EndpointSlice:
    - default/csi-snapshotter-pb7tv
    - default/kubernetes
    - flux-system/capacitor-glsh2
    - flux-system/notification-controller-m25pv
    - flux-system/sealed-secrets-controller-metrics-qmtvh
    - flux-system/sealed-secrets-controller-v2t9l
    - flux-system/source-controller-cnx4q
    - flux-system/webhook-receiver-ld8vw
    - flux-system/ww-gitops-weave-gitops-5jdh2
    - harbor/harbor-harbor-core-zvzq4
    - harbor/harbor-harbor-database-vlrqr
    - harbor/harbor-harbor-jobservice-cbj8n
    - harbor/harbor-harbor-portal-57wh5
    - harbor/harbor-harbor-redis-94xcm
    - harbor/harbor-harbor-registry-75qxn
    - harbor/harbor-harbor-trivy-xdxcv
    - jellyfin/flaresolverr-g9l45
    - jellyfin/jellyfin-5h4zp
    - jellyfin/prowlarr-2wzmb
    - jellyfin/qbittorrent-ph7ff
    - jellyfin/sonarr-wtntr
    - kube-system/kube-dns-grvq9
    - kube-system/kube-prometheus-stack-kubelet-kzlfl
    - localai/localai-local-ai-wmdsx
    - metallb-system/webhook-service-9hg2f
    - monitoring/alertmanager-operated-5xn7z
    - monitoring/kube-prometheus-stack-grafana-s9jt2
    - monitoring/kube-prometheus-stack-kube-state-metrics-cfm4s
    - monitoring/kube-prometheus-stack-prometheus-node-exporter-q9c6q
    - monitoring/prometheus-operated-cj686
    - nextcloud/nextcloud-6mhb7
    - nextcloud/nextcloud-mariadb-9lmkb
    - nextcloud/nextcloud-redis-headless-bthk5
    - nextcloud/nextcloud-redis-master-cqvjn
    - nextcloud/nextcloud-redis-replicas-cwfwz
    - nvidia-gpu-operator/gpu-operator-f2szw
    - nvidia-gpu-operator/nvidia-dcgm-exporter-9s7hw
    - ollama/ollama-hrxd2
    - ollama/open-webui-grsmz
    - ollama/open-webui-pipelines-9nb74
    - rook-ceph/rook-ceph-exporter-ngk7h
    - rook-ceph/rook-ceph-mgr-bgjsr
    - rook-ceph/rook-ceph-mgr-dashboard-26rth
    - rook-ceph/rook-ceph-mon-b-mrncf
    - rook-ceph/rook-ceph-mon-c-scztw
    - rook-ceph/rook-ceph-mon-d-drw7h
    - rook-ceph/rook-ceph-rgw-ceph-objectstore-z6nn2
    - traefik/traefik-94wql
    - velero/velero-8lwvm
  flowcontrol.apiserver.k8s.io/v1/FlowSchema:
    - catch-all
    - endpoint-controller
    - exempt
    - global-default
    - kube-controller-manager
    - kube-scheduler
    - kube-system-service-accounts
    - probes
    - service-accounts
    - system-leader-election
    - system-node-high
    - system-nodes
    - workload-leader-election
  flowcontrol.apiserver.k8s.io/v1/PriorityLevelConfiguration:
    - catch-all
    - exempt
    - global-default
    - leader-election
    - node-high
    - system
    - workload-high
    - workload-low
  helm.toolkit.fluxcd.io/v2/HelmRelease:
    - cloudflare/cloudflared
    - flux-system/sealed-secrets
    - flux-system/ww-gitops
    - harbor/harbor
    - jellyfin/jellyfin
    - localai/localai
    - monitoring/kube-prometheus-stack
    - nextcloud/nextcloud
    - nvidia-gpu-operator/nvidia-gpu-operator
    - ollama/ollama
    - ollama/open-webui
    - rook-ceph/rook-ceph
    - rook-ceph/rook-ceph-cluster
    - traefik/traefik
    - velero/velero
  kustomize.toolkit.fluxcd.io/v1/Kustomization:
    - cloudflare/cloudflared
    - flux-system/add-projects-folder
    - flux-system/capacitor
    - flux-system/flux-system
    - flux-system/jellyfin
    - flux-system/sealed-secrets
    - flux-system/torrents
    - harbor/harbor
    - localai/localai
    - monitoring/kube-prometheus-stack
    - nextcloud/nextcloud
    - nvidia-gpu-operator/nvidia-gpu-operator
    - ollama/ollama
    - ollama/open-webui
    - rook-ceph/rook-ceph
    - rook-ceph/rook-ceph-cluster
    - traefik/traefik
    - velero/velero
  metallb.io/v1beta1/IPAddressPool:
    - metallb-system/default-addresspool
  metallb.io/v1beta1/L2Advertisement:
    - metallb-system/default-advertise-all-pools
  monitoring.coreos.com/v1/ServiceMonitor:
    - monitoring/kube-prometheus-stack-grafana
    - monitoring/kube-prometheus-stack-kube-state-metrics
    - monitoring/kube-prometheus-stack-prometheus-node-exporter
    - nvidia-gpu-operator/gpu-operator
  networking.k8s.io/v1/Ingress:
    - harbor/harbor-harbor-ingress
  networking.k8s.io/v1/IngressClass:
    - traefik
  networking.k8s.io/v1/NetworkPolicy:
    - flux-system/allow-dashboard-egress
    - flux-system/allow-dashboard-ingress
    - flux-system/allow-egress
    - flux-system/allow-scraping
    - flux-system/allow-webhooks
    - nextcloud/nextcloud-mariadb
    - nextcloud/nextcloud-redis
  nfd.k8s-sigs.io/v1alpha1/NodeFeature:
    - nvidia-gpu-operator/bigrig
    - nvidia-gpu-operator/oppenheimer
    - nvidia-gpu-operator/tiffrig
  node.k8s.io/v1/RuntimeClass:
    - nvidia
  nvidia.com/v1/ClusterPolicy:
    - cluster-policy
  nvidia.com/v1alpha1/NVIDIADriver:
    - default
  policy/v1/PodDisruptionBudget:
    - kube-system/calico-kube-controllers
    - nextcloud/nextcloud-mariadb
    - nextcloud/nextcloud-redis-master
    - nextcloud/nextcloud-redis-node
    - nextcloud/nextcloud-redis-replicas
    - rook-ceph/rook-ceph-mds-ceph-filesystem
    - rook-ceph/rook-ceph-mgr-pdb
    - rook-ceph/rook-ceph-mon-pdb
    - rook-ceph/rook-ceph-osd-host-bigrig
    - rook-ceph/rook-ceph-osd-host-oppenheimer
    - rook-ceph/rook-ceph-osd-host-tiffrig
  rbac.authorization.k8s.io/v1/ClusterRole:
    - admin
    - calico-kube-controllers
    - calico-node
    - capacitor
    - cephfs-csi-nodeplugin
    - cephfs-external-provisioner-runner
    - cluster-admin
    - coredns
    - crd-controller-flux-system
    - edit
    - external-provisioner-runner
    - external-snapshotter-runner
    - flux-edit-flux-system
    - flux-view-flux-system
    - gpu-operator
    - kube-prometheus-stack-grafana-clusterrole
    - kube-prometheus-stack-kube-state-metrics
    - metallb-system:controller
    - metallb-system:speaker
    - microk8s-hostpath
    - nvidia-device-plugin
    - nvidia-device-plugin-mps-control-daemon
    - nvidia-gpu-driver-default-ubuntu22.04
    - nvidia-gpu-feature-discovery
    - nvidia-gpu-operator-node-feature-discovery
    - nvidia-gpu-operator-node-feature-discovery-gc
    - nvidia-mig-manager
    - nvidia-operator-validator
    - objectstorage-provisioner-role
    - rbd-csi-nodeplugin
    - rbd-external-provisioner-runner
    - rook-ceph-cluster-mgmt
    - rook-ceph-global
    - rook-ceph-mgr-cluster
    - rook-ceph-mgr-system
    - rook-ceph-object-bucket
    - rook-ceph-osd
    - rook-ceph-system
    - secrets-unsealer
    - snapshot-controller-runner
    - system:aggregate-to-admin
    - system:aggregate-to-edit
    - system:aggregate-to-view
    - system:auth-delegator
    - system:basic-user
    - system:certificates.k8s.io:certificatesigningrequests:nodeclient
    - system:certificates.k8s.io:certificatesigningrequests:selfnodeclient
    - system:certificates.k8s.io:kube-apiserver-client-approver
    - system:certificates.k8s.io:kube-apiserver-client-kubelet-approver
    - system:certificates.k8s.io:kubelet-serving-approver
    - system:certificates.k8s.io:legacy-unknown-approver
    - system:controller:attachdetach-controller
    - system:controller:certificate-controller
    - system:controller:clusterrole-aggregation-controller
    - system:controller:cronjob-controller
    - system:controller:daemon-set-controller
    - system:controller:deployment-controller
    - system:controller:disruption-controller
    - system:controller:endpoint-controller
    - system:controller:endpointslice-controller
    - system:controller:endpointslicemirroring-controller
    - system:controller:ephemeral-volume-controller
    - system:controller:expand-controller
    - system:controller:generic-garbage-collector
    - system:controller:horizontal-pod-autoscaler
    - system:controller:job-controller
    - system:controller:legacy-service-account-token-cleaner
    - system:controller:namespace-controller
    - system:controller:node-controller
    - system:controller:persistent-volume-binder
    - system:controller:pod-garbage-collector
    - system:controller:pv-protection-controller
    - system:controller:pvc-protection-controller
    - system:controller:replicaset-controller
    - system:controller:replication-controller
    - system:controller:resourcequota-controller
    - system:controller:root-ca-cert-publisher
    - system:controller:route-controller
    - system:controller:service-account-controller
    - system:controller:service-controller
    - system:controller:statefulset-controller
    - system:controller:ttl-after-finished-controller
    - system:controller:ttl-controller
    - system:controller:validatingadmissionpolicy-status-controller
    - system:discovery
    - system:heapster
    - system:kube-aggregator
    - system:kube-controller-manager
    - system:kube-dns
    - system:kube-scheduler
    - system:kubelet-api-admin
    - system:monitoring
    - system:node
    - system:node-bootstrapper
    - system:node-problem-detector
    - system:node-proxier
    - system:persistent-volume-provisioner
    - system:public-info-viewer
    - system:service-account-issuer-discovery
    - system:volume-scheduler
    - traefik-ingress-controller
    - traefik-traefik
    - view
    - wego-admin-cluster-role
    - ww-gitops-weave-gitops
  rbac.authorization.k8s.io/v1/ClusterRoleBinding:
    - admin-user-read-resources-cr
    - calico-kube-controllers
    - calico-node
    - capacitor
    - cephfs-csi-nodeplugin-role
    - cephfs-csi-provisioner-role
    - cluster-admin
    - cluster-reconciler-flux-system
    - coredns
    - crd-controller-flux-system
    - csi-provisioner-role
    - csi-snapshotter-provisioner-role
    - csi-snapshotter-role
    - gpu-operator
    - kube-prometheus-stack-grafana-clusterrolebinding
    - kube-prometheus-stack-kube-state-metrics
    - metallb-system:controller
    - metallb-system:speaker
    - microk8s-hostpath
    - nvidia-device-plugin
    - nvidia-device-plugin-mps-control-daemon
    - nvidia-gpu-driver-default-ubuntu22.04
    - nvidia-gpu-feature-discovery
    - nvidia-gpu-operator-node-feature-discovery
    - nvidia-gpu-operator-node-feature-discovery-gc
    - nvidia-mig-manager
    - nvidia-operator-validator
    - objectstorage-provisioner-role-binding
    - rbd-csi-nodeplugin
    - rbd-csi-provisioner-role
    - rook-ceph-global
    - rook-ceph-mgr-cluster
    - rook-ceph-object-bucket
    - rook-ceph-osd
    - rook-ceph-system
    - sealed-secrets-controller
    - snapshot-controller-role
    - system:basic-user
    - system:controller:attachdetach-controller
    - system:controller:certificate-controller
    - system:controller:clusterrole-aggregation-controller
    - system:controller:cronjob-controller
    - system:controller:daemon-set-controller
    - system:controller:deployment-controller
    - system:controller:disruption-controller
    - system:controller:endpoint-controller
    - system:controller:endpointslice-controller
    - system:controller:endpointslicemirroring-controller
    - system:controller:ephemeral-volume-controller
    - system:controller:expand-controller
    - system:controller:generic-garbage-collector
    - system:controller:horizontal-pod-autoscaler
    - system:controller:job-controller
    - system:controller:legacy-service-account-token-cleaner
    - system:controller:namespace-controller
    - system:controller:node-controller
    - system:controller:persistent-volume-binder
    - system:controller:pod-garbage-collector
    - system:controller:pv-protection-controller
    - system:controller:pvc-protection-controller
    - system:controller:replicaset-controller
    - system:controller:replication-controller
    - system:controller:resourcequota-controller
    - system:controller:root-ca-cert-publisher
    - system:controller:route-controller
    - system:controller:service-account-controller
    - system:controller:service-controller
    - system:controller:statefulset-controller
    - system:controller:ttl-after-finished-controller
    - system:controller:ttl-controller
    - system:controller:validatingadmissionpolicy-status-controller
    - system:discovery
    - system:kube-controller-manager
    - system:kube-dns
    - system:kube-scheduler
    - system:monitoring
    - system:node
    - system:node-proxier
    - system:public-info-viewer
    - system:service-account-issuer-discovery
    - system:volume-scheduler
    - traefik-ingress-controller
    - traefik-traefik
    - velero-server
    - ww-gitops-weave-gitops
  rbac.authorization.k8s.io/v1/Role:
    - default/external-provisioner-cfg
    - default/external-snapshotter-leaderelection
    - flux-system/sealed-secrets-controller-key-admin
    - flux-system/sealed-secrets-controller-service-proxier
    - flux-system/wego-admin-role
    - kube-public/system:controller:bootstrap-signer
    - kube-system/extension-apiserver-authentication-reader
    - kube-system/snapshot-controller-leaderelection
    - kube-system/system::leader-locking-kube-controller-manager
    - kube-system/system::leader-locking-kube-scheduler
    - kube-system/system:controller:bootstrap-signer
    - kube-system/system:controller:cloud-provider
    - kube-system/system:controller:token-cleaner
    - metallb-system/controller
    - metallb-system/pod-lister
    - monitoring/kube-prometheus-stack-grafana
    - nvidia-gpu-operator/gpu-operator
    - nvidia-gpu-operator/nvidia-container-toolkit
    - nvidia-gpu-operator/nvidia-dcgm-exporter
    - nvidia-gpu-operator/nvidia-device-plugin
    - nvidia-gpu-operator/nvidia-device-plugin-mps-control-daemon
    - nvidia-gpu-operator/nvidia-gpu-driver-default-ubuntu22.04
    - nvidia-gpu-operator/nvidia-gpu-feature-discovery
    - nvidia-gpu-operator/nvidia-gpu-operator-node-feature-discovery-worker
    - nvidia-gpu-operator/nvidia-mig-manager
    - nvidia-gpu-operator/nvidia-operator-validator
    - rook-ceph/cephfs-external-provisioner-cfg
    - rook-ceph/rbd-external-provisioner-cfg
    - rook-ceph/rook-ceph-cmd-reporter
    - rook-ceph/rook-ceph-mgr
    - rook-ceph/rook-ceph-monitoring
    - rook-ceph/rook-ceph-monitoring-mgr
    - rook-ceph/rook-ceph-osd
    - rook-ceph/rook-ceph-purge-osd
    - rook-ceph/rook-ceph-system
    - velero/velero-server
  rbac.authorization.k8s.io/v1/RoleBinding:
    - default/csi-provisioner-role-cfg
    - default/csi-snapshotter-provisioner-role-cfg
    - default/external-snapshotter-leaderelection
    - flux-system/admin-user-read-resources
    - flux-system/sealed-secrets-controller-key-admin
    - flux-system/sealed-secrets-controller-service-proxier
    - kube-public/system:controller:bootstrap-signer
    - kube-system/snapshot-controller-leaderelection
    - kube-system/system::extension-apiserver-authentication-reader
    - kube-system/system::leader-locking-kube-controller-manager
    - kube-system/system::leader-locking-kube-scheduler
    - kube-system/system:controller:bootstrap-signer
    - kube-system/system:controller:cloud-provider
    - kube-system/system:controller:token-cleaner
    - metallb-system/controller
    - metallb-system/pod-lister
    - monitoring/kube-prometheus-stack-grafana
    - nvidia-gpu-operator/gpu-operator
    - nvidia-gpu-operator/nvidia-container-toolkit
    - nvidia-gpu-operator/nvidia-dcgm-exporter
    - nvidia-gpu-operator/nvidia-device-plugin
    - nvidia-gpu-operator/nvidia-device-plugin-mps-control-daemon
    - nvidia-gpu-operator/nvidia-gpu-driver-default-ubuntu22.04
    - nvidia-gpu-operator/nvidia-gpu-feature-discovery
    - nvidia-gpu-operator/nvidia-gpu-operator-node-feature-discovery-worker
    - nvidia-gpu-operator/nvidia-mig-manager
    - nvidia-gpu-operator/nvidia-operator-validator
    - rook-ceph/cephfs-csi-provisioner-role-cfg
    - rook-ceph/rbd-csi-provisioner-role-cfg
    - rook-ceph/rook-ceph-cluster-mgmt
    - rook-ceph/rook-ceph-cmd-reporter
    - rook-ceph/rook-ceph-mgr
    - rook-ceph/rook-ceph-mgr-system
    - rook-ceph/rook-ceph-monitoring
    - rook-ceph/rook-ceph-monitoring-mgr
    - rook-ceph/rook-ceph-osd
    - rook-ceph/rook-ceph-purge-osd
    - rook-ceph/rook-ceph-system
    - velero/velero-server
  scheduling.k8s.io/v1/PriorityClass:
    - system-cluster-critical
    - system-node-critical
  snapshot.storage.k8s.io/v1/VolumeSnapshot:
    - default/test-snapshot
  snapshot.storage.k8s.io/v1/VolumeSnapshotClass:
    - ceph-block
    - ceph-filesystem
  snapshot.storage.k8s.io/v1/VolumeSnapshotContent:
    - snapcontent-d86ec0b2-2cf7-4d6f-90d3-05eba3920268
    - snapcontent-e8f4ccb2-9155-4f29-9fcf-66525a7f3205
  source.toolkit.fluxcd.io/v1/GitRepository:
    - flux-system/flux-system
    - flux-system/homelab
    - jellyfin/jellyfin
  source.toolkit.fluxcd.io/v1/HelmChart:
    - cloudflare/cloudflare-cloudflared
    - flux-system/flux-system-sealed-secrets
    - flux-system/flux-system-ww-gitops
    - harbor/harbor-harbor
    - jellyfin/jellyfin-jellyfin
    - localai/localai-localai
    - monitoring/monitoring-kube-prometheus-stack
    - nextcloud/nextcloud-nextcloud
    - nvidia-gpu-operator/nvidia-gpu-operator-nvidia-gpu-operator
    - ollama/ollama-ollama
    - ollama/ollama-open-webui
    - rook-ceph/rook-ceph-rook-ceph
    - rook-ceph/rook-ceph-rook-ceph-cluster
    - traefik/traefik-traefik
    - velero/velero-velero
  source.toolkit.fluxcd.io/v1/HelmRepository:
    - cloudflare/cloudflare
    - flux-system/sealed-secrets
    - flux-system/ww-gitops
    - harbor/harbor
    - localai/go-skynet
    - monitoring/prometheus-community
    - nextcloud/nextcloud
    - nvidia-gpu-operator/nvidia
    - ollama/ollama
    - ollama/open-webui
    - rook-ceph/rook-release
    - traefik/traefik
    - velero/vmware-tanzu
  source.toolkit.fluxcd.io/v1beta2/OCIRepository:
    - flux-system/capacitor
  storage.k8s.io/v1/CSIDriver:
    - rook-ceph.cephfs.csi.ceph.com
    - rook-ceph.rbd.csi.ceph.com
  storage.k8s.io/v1/CSINode:
    - bigrig
    - oppenheimer
    - tiffrig
  storage.k8s.io/v1/StorageClass:
    - ceph-block
    - ceph-object
    - cephfs
    - microk8s-hostpath
  storage.k8s.io/v1/VolumeAttachment:
    - csi-0079373d0113b474909babc8599b693fd942f4cd4da4ed728e1d93286ffc2ebe
    - csi-01737bbcb3b2d5935b0ef2a5eef1b6375405ed64228c5f680902e2da5c036908
    - csi-036fd42385e1d7922ef84aebdaec4decf2310e9c9e464ddd01f3bcfa5c80b562
    - csi-194ac21e170db703e10597b0be0a9a8d21918107b77d769784ee5e9d641a028a
    - csi-1b86e276f32e8ac787a08267686f1ea43354aad4f547618ca67071741c149d6d
    - csi-2bdf321199ff1244766e8d0abe2978922694ed2d958af56c6e4495e8015bf99d
    - csi-3dac812489611a420f2d219a6203635c31522c24a135dc9ff9f5344c65a8d74f
    - csi-5e7387c8a2332d7397ead538c3d9e073e64552d2a6a978001a5fe9b7e45134ef
    - csi-6d76c151c56aba0c73a2b1ecf184e9658285185b0d627ee0494fd55b2af8e0c6
    - csi-72a11b7ec56edd4adab46c569aeda7c29d9494225af58875a3100e30e75e4151
    - csi-90c72fec2f9b526121fc84e3e17dff8004ab0e5d80d0afec6e5f8a4b446d38b4
    - csi-91618149c32f4c2d46c3e2f2d27305f510602a550a07fad379b7d7366dda1c71
    - csi-959266106ae4edd07748e811f5865da9a9c8e0bbc8d9ff750de851216931fc5c
    - csi-9e2ba0c1e8c36924f330d72effb3bf4bdee90114c413be2445b02f7777ef4839
    - csi-a4b2365641bdb032601c6be07d861e34e0158cb721447b80e208344d36d78447
    - csi-ac2ca4377c707583f5de01701699cb04604e009454349e8669c32b23b6d93afb
    - csi-ace4c784bcf5656f8ceebc89b524ecb9b86855fdec6838f38be51218233e016a
    - csi-cf4f01c0167fa7a9dbc87d3ead240522bc119dfb3b31f3c2e66ad6b8b8fc2352
    - csi-dee75605eeb3e2a1d579d61215d330e6cd0761cd9111c317ccdd01afa74a36b3
    - csi-e39ac845aa68eece3b69804d33f0c8175e32d16a22acceb47873a47617e60919
  traefik.io/v1alpha1/IngressRoute:
    - ollama/open-webui-route
    - traefik/traefik-dashboard
  v1/ConfigMap:
    - cloudflare/kube-root-ca.crt
    - default/kube-root-ca.crt
    - devbox/kube-root-ca.crt
    - flux-system/kube-root-ca.crt
    - harbor/harbor-harbor-core
    - harbor/harbor-harbor-jobservice
    - harbor/harbor-harbor-jobservice-env
    - harbor/harbor-harbor-portal
    - harbor/harbor-harbor-registry
    - harbor/harbor-harbor-registryctl
    - harbor/kube-root-ca.crt
    - jellyfin/kube-root-ca.crt
    - kube-node-lease/kube-root-ca.crt
    - kube-public/kube-root-ca.crt
    - kube-public/local-registry-hosting
    - kube-system/calico-config
    - kube-system/coredns
    - kube-system/extension-apiserver-authentication
    - kube-system/kube-apiserver-legacy-service-account-token-tracking
    - kube-system/kube-root-ca.crt
    - localai/kube-root-ca.crt
    - metallb-system/kube-root-ca.crt
    - monitoring/kube-prometheus-stack-grafana
    - monitoring/kube-prometheus-stack-grafana-config-dashboards
    - monitoring/kube-root-ca.crt
    - monitoring/prometheus-kube-prometheus-stack-prometheus-rulefiles-0
    - nextcloud/kube-root-ca.crt
    - nextcloud/nextcloud-config
    - nextcloud/nextcloud-mariadb
    - nextcloud/nextcloud-phpconfig
    - nextcloud/nextcloud-redis-configuration
    - nextcloud/nextcloud-redis-health
    - nextcloud/nextcloud-redis-scripts
    - nvidia-gpu-operator/default-gpu-clients
    - nvidia-gpu-operator/default-mig-parted-config
    - nvidia-gpu-operator/kube-root-ca.crt
    - nvidia-gpu-operator/nvidia-container-toolkit-entrypoint
    - nvidia-gpu-operator/nvidia-device-plugin-entrypoint
    - nvidia-gpu-operator/nvidia-gpu-operator-node-feature-discovery-master-conf
    - nvidia-gpu-operator/nvidia-gpu-operator-node-feature-discovery-worker-conf
    - nvidia-gpu-operator/nvidia-mig-manager-entrypoint
    - ollama/kube-root-ca.crt
    - rook-ceph/kube-root-ca.crt
    - rook-ceph/rook-ceph-csi-config
    - rook-ceph/rook-ceph-csi-mapping-config
    - rook-ceph/rook-ceph-mon-endpoints
    - rook-ceph/rook-ceph-operator-config
    - rook-ceph/rook-ceph-osd-oppenheimer-status
    - rook-ceph/rook-ceph-pdbstatemap
    - rook-ceph/rook-ceph-rgw-ceph-objectstore-mime-types
    - rook-ceph/rook-config-override
    - traefik/kube-root-ca.crt
    - velero/change-storageclass
    - velero/kube-root-ca.crt
  v1/Endpoints:
    - default/csi-snapshotter
    - default/kubernetes
    - flux-system/capacitor
    - flux-system/notification-controller
    - flux-system/sealed-secrets-controller
    - flux-system/sealed-secrets-controller-metrics
    - flux-system/source-controller
    - flux-system/webhook-receiver
    - flux-system/ww-gitops-weave-gitops
    - harbor/harbor-harbor-core
    - harbor/harbor-harbor-database
    - harbor/harbor-harbor-jobservice
    - harbor/harbor-harbor-portal
    - harbor/harbor-harbor-redis
    - harbor/harbor-harbor-registry
    - harbor/harbor-harbor-trivy
    - jellyfin/flaresolverr
    - jellyfin/jellyfin
    - jellyfin/prowlarr
    - jellyfin/qbittorrent
    - jellyfin/sonarr
    - kube-system/kube-dns
    - kube-system/kube-prometheus-stack-kubelet
    - kube-system/microk8s.io-hostpath
    - localai/localai-local-ai
    - metallb-system/webhook-service
    - monitoring/alertmanager-operated
    - monitoring/kube-prometheus-stack-grafana
    - monitoring/kube-prometheus-stack-kube-state-metrics
    - monitoring/kube-prometheus-stack-prometheus-node-exporter
    - monitoring/prometheus-operated
    - nextcloud/nextcloud
    - nextcloud/nextcloud-mariadb
    - nextcloud/nextcloud-redis-headless
    - nextcloud/nextcloud-redis-master
    - nextcloud/nextcloud-redis-replicas
    - nvidia-gpu-operator/gpu-operator
    - nvidia-gpu-operator/nvidia-dcgm-exporter
    - ollama/ollama
    - ollama/open-webui
    - ollama/open-webui-pipelines
    - rook-ceph/rook-ceph-exporter
    - rook-ceph/rook-ceph-mgr
    - rook-ceph/rook-ceph-mgr-dashboard
    - rook-ceph/rook-ceph-mon-b
    - rook-ceph/rook-ceph-mon-c
    - rook-ceph/rook-ceph-mon-d
    - rook-ceph/rook-ceph-rgw-ceph-objectstore
    - traefik/traefik
    - velero/velero
  v1/Event:
    - flux-system/add-projects-folder.17e75e79b92a4f80
    - flux-system/capacitor.17e765a071188e43
    - flux-system/flux-system.17e75cc94c28e0e4
    - flux-system/flux-system.17e761874d01e95e
    - flux-system/flux-system.17e7657ea048f061
    - flux-system/homelab.17e761a210f3e870
    - flux-system/ww-gitops-weave-gitops.17e7093371d1fe43
    - harbor/harbor-harbor.17e75cd2e146f981
    - harbor/harbor.17e75cd3999eceb6
    - harbor/harbor.17e7658ac89fe841
    - jellyfin/jellyfin-jellyfin.17e76034b2f07cc9
    - jellyfin/jellyfin.17e75cd3d7e5f7fe
    - jellyfin/jellyfin.17e76517cd0472f5
    - jellyfin/prowlarr.17e723caf6b98a41
    - jellyfin/qbittorrent.17e75f45bebeb041
    - jellyfin/sonarr.17e75f45be17dc0f
    - localai/go-skynet.17e75cd3456f2389
    - localai/localai-local-ai.17e765159b496850
    - localai/localai-localai.17e760519adb3567
    - localai/localai.17e75cd6be64644a
    - monitoring/kube-prometheus-stack.17e75d11b7e76e62
    - monitoring/monitoring-kube-prometheus-stack.17e75cd466a3c4b7
    - monitoring/prometheus-community.17e75cd3118cdcbe
    - nextcloud/nextcloud-nextcloud.17e75cd41cbe4ff7
    - nextcloud/nextcloud.17e75cd2840bb094
    - nextcloud/nextcloud.17e762acdd2ea95c
    - nvidia-gpu-operator/gpu-feature-discovery-g8hwz.17e75f7b1310eb85
    - nvidia-gpu-operator/nvidia-dcgm-exporter-vjc48.17e75f7af8f9c2a4
    - nvidia-gpu-operator/nvidia-device-plugin-daemonset-52s62.17e75f7ae663ae5e
    - nvidia-gpu-operator/nvidia-gpu-operator-nvidia-gpu-operator.17e75f85285021af
    - nvidia-gpu-operator/nvidia-operator-validator-xv5rq.17e75f7adb69fc47
    - nvidia-gpu-operator/nvidia.17e75f927fce3962
    - ollama/ollama-ollama.17e760b48af1801a
    - ollama/ollama-open-webui.17e75cd41e5ef85c
    - ollama/ollama.17e75cd6e8401d20
    - ollama/ollama.17e76030f14e4364
    - ollama/ollama.17e760bdd2735be0
    - ollama/open-webui.17e72421d1ed6989
    - ollama/open-webui.17e75cc88cb4843b
    - ollama/open-webui.17e75cd407990ca3
    - rook-ceph/rook-ceph-mgr-b-f5d89db77-jxk2w.17e7071f02a3a87d
    - rook-ceph/rook-ceph-osd-0-785d4f6484-x4kd2.17e707249d8990bd
    - traefik/traefik.17e7226e79339ecb
    - velero/velero-velero.17e75cd3f3fab63f
    - velero/velero.17e75cc8dac1321c
    - velero/vmware-tanzu.17e75ce2415bd52b
  v1/Namespace:
    - cloudflare
    - default
    - devbox
    - flux-system
    - harbor
    - jellyfin
    - kube-node-lease
    - kube-public
    - kube-system
    - localai
    - metallb-system
    - monitoring
    - nextcloud
    - nvidia-gpu-operator
    - ollama
    - rook-ceph
    - traefik
    - velero
  v1/Node:
    - bigrig
    - oppenheimer
    - tiffrig
  v1/PersistentVolume:
    - pvc-07196ced-5d5b-45e3-95d3-073fa649b8c8
    - pvc-2226b16c-2b3b-4d75-8df4-33672546dd65
    - pvc-29494de4-05c7-4e9c-8e33-7ed49e636643
    - pvc-29843eb2-6ca4-4aac-ad86-d17350ddab9a
    - pvc-33418658-8c5d-4070-a49b-235f1d40c96b
    - pvc-356bd8ac-7097-4db8-affe-fb2f8e473953
    - pvc-39b576b3-0420-491b-b5f5-361f32273a1a
    - pvc-3b8b9f8d-9f20-4056-8b4a-64ebb2ecd202
    - pvc-40df7ec7-4482-44a4-90b5-829fdec1094e
    - pvc-41862fb5-aa9b-46e2-8712-df8e37ba2ee9
    - pvc-4ab2a388-5d84-4782-8157-98463aa36746
    - pvc-6597019d-fb8f-475a-930b-4d69f99e0b3c
    - pvc-65d2f04d-251c-420a-bd94-4412565e8e33
    - pvc-6f53c24b-af3e-499d-94fc-979feebdf86c
    - pvc-70b5549e-a944-4601-9104-00d5ed9b8aae
    - pvc-7f505691-84c7-4029-9ec1-ef9b7a9bada0
    - pvc-8335ace1-4f2d-4cb6-abb6-60c5b32bbc8f
    - pvc-a0312479-c61d-4143-9df5-63eba723d4fa
    - pvc-a3640810-e45b-4458-8387-237f5ab7750b
    - pvc-d00c97ce-a475-44f7-90ee-e465d644d120
    - pvc-d996fa90-bfe6-414a-9b2b-d6dc725f7e1b
    - pvc-db609d47-b740-4c5d-9279-6ab5edce6e12
    - pvc-e6e728f6-90df-4d7d-b34f-3fdaedcd6b5e
    - pvc-f7c2bff1-95d2-4e57-bc94-bef9927d0171
  v1/PersistentVolumeClaim:
    - default/restored-pvc
    - default/test-pvc
    - harbor/data-harbor-harbor-redis-0
    - harbor/data-harbor-harbor-trivy-0
    - harbor/database-data-harbor-harbor-database-0
    - harbor/harbor-harbor-jobservice
    - harbor/harbor-harbor-registry
    - jellyfin/jellyfin-config
    - jellyfin/media-pvc
    - jellyfin/prowlarr-config
    - jellyfin/qbittorrent-config
    - jellyfin/sonarr-config
    - localai/localai-local-ai-models
    - localai/localai-local-ai-output
    - nextcloud/data-nextcloud-mariadb-0
    - nextcloud/nextcloud-nextcloud
    - nextcloud/nextcloud-nextcloud-data
    - nextcloud/redis-data-nextcloud-redis-master-0
    - nextcloud/redis-data-nextcloud-redis-replicas-0
    - nextcloud/redis-data-nextcloud-redis-replicas-1
    - nextcloud/redis-data-nextcloud-redis-replicas-2
    - ollama/ollama
    - ollama/open-webui
    - ollama/open-webui-pipelines
  v1/Pod:
    - cloudflare/cloudflare-cloudflared-cloudflare-tunnel-remote-c977fc4fc-7b9pr
    - cloudflare/cloudflare-cloudflared-cloudflare-tunnel-remote-c977fc4fc-tdkzl
    - default/csi-snapshotter-0
    - default/verify-pod
    - flux-system/capacitor-76b57ffc6f-4tnvs
    - flux-system/helm-controller-76dff45854-tx9g8
    - flux-system/image-automation-controller-fb6c9df74-nrhsz
    - flux-system/image-reflector-controller-565565d549-7cjpk
    - flux-system/kustomize-controller-6bc5d5b96-6sqvx
    - flux-system/notification-controller-7f5cd7fdb8-9n9xf
    - flux-system/sealed-secrets-controller-76d9c6ccc8-bxzww
    - flux-system/source-controller-54c89dcbf6-msj7h
    - flux-system/ww-gitops-weave-gitops-598cbd6cdf-s7w6f
    - harbor/harbor-harbor-core-5b95b8b589-lvtdn
    - harbor/harbor-harbor-database-0
    - harbor/harbor-harbor-jobservice-5d4f696b5f-wbjcf
    - harbor/harbor-harbor-portal-6b946d9b-gdrc8
    - harbor/harbor-harbor-redis-0
    - harbor/harbor-harbor-registry-565f7b845f-rbpjb
    - harbor/harbor-harbor-trivy-0
    - kube-system/calico-kube-controllers-796fb75cc-ztvf6
    - kube-system/calico-node-4jksw
    - kube-system/calico-node-6vlzz
    - kube-system/calico-node-n8zdk
    - kube-system/coredns-5986966c54-hhgxv
    - kube-system/hostpath-provisioner-7c8bdf94b8-7p5bj
    - kube-system/snapshot-controller-7fb8d5b56b-d9cmk
    - kube-system/snapshot-controller-7fb8d5b56b-ww84p
    - localai/localai-local-ai-68776784c7-fs4ng
    - metallb-system/controller-5484c5f99f-582pq
    - metallb-system/speaker-92vrk
    - metallb-system/speaker-h5k42
    - metallb-system/speaker-l7hzh
    - monitoring/alertmanager-kube-prometheus-stack-alertmanager-0
    - monitoring/kube-prometheus-stack-grafana-5fdd59f7cf-pktsq
    - monitoring/kube-prometheus-stack-kube-state-metrics-5746465ffc-wmqsl
    - monitoring/kube-prometheus-stack-prometheus-node-exporter-b75f8
    - monitoring/kube-prometheus-stack-prometheus-node-exporter-fxqpb
    - monitoring/kube-prometheus-stack-prometheus-node-exporter-nhqtk
    - monitoring/prometheus-kube-prometheus-stack-prometheus-0
    - nextcloud/nextcloud-7865fd898-5zzxq
    - nextcloud/nextcloud-mariadb-0
    - nextcloud/nextcloud-redis-master-0
    - nextcloud/nextcloud-redis-replicas-0
    - nextcloud/nextcloud-redis-replicas-1
    - nextcloud/nextcloud-redis-replicas-2
    - nvidia-gpu-operator/gpu-feature-discovery-g8hwz
    - nvidia-gpu-operator/gpu-feature-discovery-zp6zd
    - nvidia-gpu-operator/gpu-operator-59f4658fdb-pm6l7
    - nvidia-gpu-operator/nvidia-container-toolkit-daemonset-snctf
    - nvidia-gpu-operator/nvidia-container-toolkit-daemonset-v44qx
    - nvidia-gpu-operator/nvidia-cuda-validator-jkvg6
    - nvidia-gpu-operator/nvidia-dcgm-exporter-2bx47
    - nvidia-gpu-operator/nvidia-dcgm-exporter-vjc48
    - nvidia-gpu-operator/nvidia-device-plugin-daemonset-52s62
    - nvidia-gpu-operator/nvidia-device-plugin-daemonset-xzrzf
    - nvidia-gpu-operator/nvidia-gpu-driver-ubuntu22.04-7cd68cf98f-nfmrx
    - nvidia-gpu-operator/nvidia-gpu-operator-node-feature-discovery-gc-7c99ff57c5-b6r4f
    - nvidia-gpu-operator/nvidia-gpu-operator-node-feature-discovery-master-749c9dccz5wlk
    - nvidia-gpu-operator/nvidia-gpu-operator-node-feature-discovery-worker-9cfw6
    - nvidia-gpu-operator/nvidia-gpu-operator-node-feature-discovery-worker-m4dg9
    - nvidia-gpu-operator/nvidia-gpu-operator-node-feature-discovery-worker-sjwcf
    - nvidia-gpu-operator/nvidia-operator-validator-gvdd2
    - nvidia-gpu-operator/nvidia-operator-validator-xv5rq
    - ollama/ollama-6db99b8dbc-dvk5s
    - ollama/ollama-78bc48b458-jjhl5
    - ollama/open-webui-0
    - ollama/open-webui-pipelines-5b8965b9b6-jqz5t
    - rook-ceph/csi-cephfsplugin-22mlf
    - rook-ceph/csi-cephfsplugin-jtfsg
    - rook-ceph/csi-cephfsplugin-provisioner-6d95d7699-vccpp
    - rook-ceph/csi-cephfsplugin-provisioner-6d95d7699-wm5jp
    - rook-ceph/csi-cephfsplugin-r8cl2
    - rook-ceph/csi-rbdplugin-7hzsk
    - rook-ceph/csi-rbdplugin-provisioner-5f6987779d-25dgc
    - rook-ceph/csi-rbdplugin-provisioner-5f6987779d-mf8b5
    - rook-ceph/csi-rbdplugin-tcjkj
    - rook-ceph/csi-rbdplugin-v25dw
    - rook-ceph/rook-ceph-crashcollector-bigrig-968d548db-5nqjp
    - rook-ceph/rook-ceph-crashcollector-oppenheimer-6cc5f97ff4-rfqg7
    - rook-ceph/rook-ceph-crashcollector-tiffrig-7fb9fb94b7-2jxqm
    - rook-ceph/rook-ceph-exporter-bigrig-6985b59bff-2w6gl
    - rook-ceph/rook-ceph-exporter-oppenheimer-6d9994d8d5-dr8nl
    - rook-ceph/rook-ceph-exporter-tiffrig-6954fc6744-89vh5
    - rook-ceph/rook-ceph-mds-ceph-filesystem-a-5c47d4b8bd-9rwl8
    - rook-ceph/rook-ceph-mds-ceph-filesystem-b-5db76f8d5d-qvzsj
    - rook-ceph/rook-ceph-mgr-a-6699594d68-zb8rd
    - rook-ceph/rook-ceph-mgr-b-f5d89db77-jxk2w
    - rook-ceph/rook-ceph-mon-b-6b46757697-5dtlg
    - rook-ceph/rook-ceph-mon-c-5fbccf84f9-w4wpz
    - rook-ceph/rook-ceph-mon-d-5fd79dfd55-bhw5m
    - rook-ceph/rook-ceph-operator-7bd669478b-9sqtl
    - rook-ceph/rook-ceph-osd-0-785d4f6484-x4kd2
    - rook-ceph/rook-ceph-osd-1-66c44dd774-pvbkm
    - rook-ceph/rook-ceph-osd-2-5dff9495cc-6jwfx
    - rook-ceph/rook-ceph-osd-3-5c5785699b-l77g6
    - rook-ceph/rook-ceph-osd-prepare-tiffrig-8mzbq
    - rook-ceph/rook-ceph-rgw-ceph-objectstore-a-85c8cf8887-7m6wl
    - rook-ceph/rook-ceph-tools-6ff5c76cc7-zbtb5
    - traefik/traefik-7c8x2
    - traefik/traefik-nnhjw
    - traefik/traefik-ntwvl
    - velero/velero-6865bf6548-swd6g
  v1/ResourceQuota:
    - flux-system/critical-pods-flux-system
  v1/Secret:
    - cloudflare/cloudflare-cloudflared-cloudflare-tunnel-remote
    - cloudflare/secret-values
    - cloudflare/sh.helm.release.v1.cloudflare-cloudflared.v1
    - flux-system/cluster-user-auth
    - flux-system/flux-system
    - flux-system/sealed-secrets-keyrxghv
    - flux-system/sh.helm.release.v1.sealed-secrets-controller.v1
    - flux-system/sh.helm.release.v1.ww-gitops.v1
    - harbor/harbor-harbor-core
    - harbor/harbor-harbor-database
    - harbor/harbor-harbor-ingress
    - harbor/harbor-harbor-jobservice
    - harbor/harbor-harbor-registry
    - harbor/harbor-harbor-registry-htpasswd
    - harbor/harbor-harbor-registryctl
    - harbor/harbor-harbor-trivy
    - harbor/sh.helm.release.v1.harbor-harbor.v1
    - jellyfin/sh.helm.release.v1.jellyfin.v1
    - jellyfin/wireguard-config
    - localai/sh.helm.release.v1.localai.v1
    - metallb-system/memberlist
    - metallb-system/webhook-server-cert
    - monitoring/alertmanager-kube-prometheus-stack-alertmanager-generated
    - monitoring/alertmanager-kube-prometheus-stack-alertmanager-tls-assets-0
    - monitoring/alertmanager-kube-prometheus-stack-alertmanager-web-config
    - monitoring/kube-prometheus-stack-admission
    - monitoring/kube-prometheus-stack-grafana
    - monitoring/prometheus-kube-prometheus-stack-prometheus
    - monitoring/prometheus-kube-prometheus-stack-prometheus-tls-assets-0
    - monitoring/prometheus-kube-prometheus-stack-prometheus-web-config
    - monitoring/sh.helm.release.v1.kube-prometheus-stack.v1
    - nextcloud/mariadb-passwords
    - nextcloud/nextcloud
    - nextcloud/nextcloud-admin
    - nextcloud/redis-password
    - nextcloud/secret-values
    - nextcloud/selfsigned-tls
    - nextcloud/sh.helm.release.v1.nextcloud.v1
    - nextcloud/sh.helm.release.v1.nextcloud.v2
    - nvidia-gpu-operator/sh.helm.release.v1.nvidia-gpu-operator.v1
    - ollama/sh.helm.release.v1.ollama.v1
    - ollama/sh.helm.release.v1.ollama.v2
    - ollama/sh.helm.release.v1.open-webui.v1
    - rook-ceph/cluster-peer-token-rook-ceph-cluster
    - rook-ceph/rook-ceph-admin-keyring
    - rook-ceph/rook-ceph-config
    - rook-ceph/rook-ceph-crash-collector-keyring
    - rook-ceph/rook-ceph-dashboard-password
    - rook-ceph/rook-ceph-exporter-keyring
    - rook-ceph/rook-ceph-mds-ceph-filesystem-a-keyring
    - rook-ceph/rook-ceph-mds-ceph-filesystem-b-keyring
    - rook-ceph/rook-ceph-mgr-a-keyring
    - rook-ceph/rook-ceph-mgr-b-keyring
    - rook-ceph/rook-ceph-mon
    - rook-ceph/rook-ceph-mons-keyring
    - rook-ceph/rook-ceph-object-user-ceph-objectstore-cosi
    - rook-ceph/rook-ceph-rgw-ceph-objectstore-a-keyring
    - rook-ceph/rook-csi-cephfs-node
    - rook-ceph/rook-csi-cephfs-provisioner
    - rook-ceph/rook-csi-rbd-node
    - rook-ceph/rook-csi-rbd-provisioner
    - rook-ceph/sh.helm.release.v1.rook-ceph-cluster.v1
    - rook-ceph/sh.helm.release.v1.rook-ceph-cluster.v2
    - rook-ceph/sh.helm.release.v1.rook-ceph-cluster.v3
    - rook-ceph/sh.helm.release.v1.rook-ceph-cluster.v4
    - rook-ceph/sh.helm.release.v1.rook-ceph.v1
    - rook-ceph/sh.helm.release.v1.rook-ceph.v2
    - rook-ceph/sh.helm.release.v1.rook-ceph.v3
    - traefik/sh.helm.release.v1.traefik.v1
    - traefik/sh.helm.release.v1.traefik.v2
    - velero/backuplocation-credentials
    - velero/sh.helm.release.v1.velero.v1
    - velero/velero-repo-credentials
  v1/Service:
    - default/csi-snapshotter
    - default/kubernetes
    - flux-system/capacitor
    - flux-system/notification-controller
    - flux-system/sealed-secrets-controller
    - flux-system/sealed-secrets-controller-metrics
    - flux-system/source-controller
    - flux-system/webhook-receiver
    - flux-system/ww-gitops-weave-gitops
    - harbor/harbor-harbor-core
    - harbor/harbor-harbor-database
    - harbor/harbor-harbor-jobservice
    - harbor/harbor-harbor-portal
    - harbor/harbor-harbor-redis
    - harbor/harbor-harbor-registry
    - harbor/harbor-harbor-trivy
    - jellyfin/flaresolverr
    - jellyfin/jellyfin
    - jellyfin/prowlarr
    - jellyfin/qbittorrent
    - jellyfin/sonarr
    - kube-system/kube-dns
    - kube-system/kube-prometheus-stack-kubelet
    - localai/localai-local-ai
    - metallb-system/webhook-service
    - monitoring/alertmanager-operated
    - monitoring/kube-prometheus-stack-grafana
    - monitoring/kube-prometheus-stack-kube-state-metrics
    - monitoring/kube-prometheus-stack-prometheus-node-exporter
    - monitoring/prometheus-operated
    - nextcloud/nextcloud
    - nextcloud/nextcloud-mariadb
    - nextcloud/nextcloud-redis-headless
    - nextcloud/nextcloud-redis-master
    - nextcloud/nextcloud-redis-replicas
    - nvidia-gpu-operator/gpu-operator
    - nvidia-gpu-operator/nvidia-dcgm-exporter
    - ollama/ollama
    - ollama/open-webui
    - ollama/open-webui-pipelines
    - rook-ceph/rook-ceph-exporter
    - rook-ceph/rook-ceph-mgr
    - rook-ceph/rook-ceph-mgr-dashboard
    - rook-ceph/rook-ceph-mon-b
    - rook-ceph/rook-ceph-mon-c
    - rook-ceph/rook-ceph-mon-d
    - rook-ceph/rook-ceph-rgw-ceph-objectstore
    - traefik/traefik
    - velero/velero
  v1/ServiceAccount:
    - cloudflare/cloudflare-cloudflared-cloudflare-tunnel-remote
    - cloudflare/default
    - default/csi-provisioner
    - default/csi-snapshotter
    - default/default
    - devbox/default
    - flux-system/capacitor
    - flux-system/default
    - flux-system/helm-controller
    - flux-system/image-automation-controller
    - flux-system/image-reflector-controller
    - flux-system/kustomize-controller
    - flux-system/notification-controller
    - flux-system/sealed-secrets-controller
    - flux-system/source-controller
    - flux-system/ww-gitops-weave-gitops
    - harbor/default
    - jellyfin/default
    - kube-node-lease/default
    - kube-public/default
    - kube-system/attachdetach-controller
    - kube-system/calico-kube-controllers
    - kube-system/calico-node
    - kube-system/certificate-controller
    - kube-system/clusterrole-aggregation-controller
    - kube-system/coredns
    - kube-system/cronjob-controller
    - kube-system/daemon-set-controller
    - kube-system/default
    - kube-system/deployment-controller
    - kube-system/disruption-controller
    - kube-system/endpoint-controller
    - kube-system/endpointslice-controller
    - kube-system/endpointslicemirroring-controller
    - kube-system/ephemeral-volume-controller
    - kube-system/expand-controller
    - kube-system/generic-garbage-collector
    - kube-system/horizontal-pod-autoscaler
    - kube-system/job-controller
    - kube-system/legacy-service-account-token-cleaner
    - kube-system/microk8s-hostpath
    - kube-system/namespace-controller
    - kube-system/node-controller
    - kube-system/persistent-volume-binder
    - kube-system/pod-garbage-collector
    - kube-system/pv-protection-controller
    - kube-system/pvc-protection-controller
    - kube-system/replicaset-controller
    - kube-system/replication-controller
    - kube-system/resourcequota-controller
    - kube-system/root-ca-cert-publisher
    - kube-system/service-account-controller
    - kube-system/service-controller
    - kube-system/snapshot-controller
    - kube-system/statefulset-controller
    - kube-system/ttl-after-finished-controller
    - kube-system/ttl-controller
    - kube-system/validatingadmissionpolicy-status-controller
    - localai/default
    - metallb-system/controller
    - metallb-system/default
    - metallb-system/speaker
    - monitoring/default
    - monitoring/kube-prometheus-stack-grafana
    - monitoring/kube-prometheus-stack-kube-state-metrics
    - monitoring/kube-prometheus-stack-prometheus-node-exporter
    - nextcloud/default
    - nextcloud/nextcloud-mariadb
    - nextcloud/nextcloud-redis-master
    - nextcloud/nextcloud-redis-replica
    - nvidia-gpu-operator/default
    - nvidia-gpu-operator/gpu-operator
    - nvidia-gpu-operator/node-feature-discovery
    - nvidia-gpu-operator/nvidia-container-toolkit
    - nvidia-gpu-operator/nvidia-dcgm-exporter
    - nvidia-gpu-operator/nvidia-device-plugin
    - nvidia-gpu-operator/nvidia-device-plugin-mps-control-daemon
    - nvidia-gpu-operator/nvidia-gpu-driver-default-ubuntu22.04
    - nvidia-gpu-operator/nvidia-gpu-feature-discovery
    - nvidia-gpu-operator/nvidia-mig-manager
    - nvidia-gpu-operator/nvidia-operator-validator
    - ollama/default
    - ollama/ollama
    - rook-ceph/default
    - rook-ceph/objectstorage-provisioner
    - rook-ceph/rook-ceph-cmd-reporter
    - rook-ceph/rook-ceph-default
    - rook-ceph/rook-ceph-mgr
    - rook-ceph/rook-ceph-osd
    - rook-ceph/rook-ceph-purge-osd
    - rook-ceph/rook-ceph-rgw
    - rook-ceph/rook-ceph-system
    - rook-ceph/rook-csi-cephfs-plugin-sa
    - rook-ceph/rook-csi-cephfs-provisioner-sa
    - rook-ceph/rook-csi-rbd-plugin-sa
    - rook-ceph/rook-csi-rbd-provisioner-sa
    - traefik/default
    - traefik/traefik
    - velero/default
    - velero/velero-server
  velero.io/v1/Backup:
    - velero/test
    - velero/velero-nightly-20240725030013
    - velero/velero-nightly-20240726030015
    - velero/velero-nightly-20240727030016
    - velero/velero-nightly-20240729030012
    - velero/velero-nightly-20240731030041
  velero.io/v1/BackupRepository:
    - velero/flux-system-aws-s3-kopia-spjhp
    - velero/harbor-aws-s3-kopia-jl8j8
    - velero/irma-csi-driver-nfs-aws-s3-kopia-pc4l6
    - velero/kubernetes-dashboard-aws-s3-kopia-g6tz5
    - velero/localai-aws-s3-kopia-d2fp8
    - velero/monitoring-aws-s3-kopia-v2hz2
    - velero/nextcloud-aws-s3-kopia-bjnpg
    - velero/personal-site-aws-s3-kopia-7tw79
    - velero/test-aws-s3-kopia-8cgjk
    - velero/traefik-aws-s3-kopia-7wb5m
    - velero/velero-aws-s3-kopia-fgqdr
  velero.io/v1/BackupStorageLocation:
    - velero/aws-s3
  velero.io/v1/PodVolumeBackup:
    - velero/velero-nightly-20240725030013-2959d
    - velero/velero-nightly-20240725030013-4rhwx
    - velero/velero-nightly-20240725030013-4t8nb
    - velero/velero-nightly-20240725030013-5bhvs
    - velero/velero-nightly-20240725030013-5c24v
    - velero/velero-nightly-20240725030013-5j8vg
    - velero/velero-nightly-20240725030013-5vcmf
    - velero/velero-nightly-20240725030013-62b67
    - velero/velero-nightly-20240725030013-674hp
    - velero/velero-nightly-20240725030013-6rx6z
    - velero/velero-nightly-20240725030013-6zg4f
    - velero/velero-nightly-20240725030013-768rh
    - velero/velero-nightly-20240725030013-7m9cc
    - velero/velero-nightly-20240725030013-7nbjz
    - velero/velero-nightly-20240725030013-7ndcs
    - velero/velero-nightly-20240725030013-7txtx
    - velero/velero-nightly-20240725030013-97c2f
    - velero/velero-nightly-20240725030013-bdlw4
    - velero/velero-nightly-20240725030013-ch4cj
    - velero/velero-nightly-20240725030013-cpzsx
    - velero/velero-nightly-20240725030013-d8mlh
    - velero/velero-nightly-20240725030013-dnhq5
    - velero/velero-nightly-20240725030013-ggh4k
    - velero/velero-nightly-20240725030013-gr7zb
    - velero/velero-nightly-20240725030013-gwqtk
    - velero/velero-nightly-20240725030013-hnbs9
    - velero/velero-nightly-20240725030013-jg85p
    - velero/velero-nightly-20240725030013-jrfvs
    - velero/velero-nightly-20240725030013-kjjbx
    - velero/velero-nightly-20240725030013-kmslt
    - velero/velero-nightly-20240725030013-ljw7s
    - velero/velero-nightly-20240725030013-n5dmc
    - velero/velero-nightly-20240725030013-psdt8
    - velero/velero-nightly-20240725030013-q6zqj
    - velero/velero-nightly-20240725030013-q7h2b
    - velero/velero-nightly-20240725030013-qql67
    - velero/velero-nightly-20240725030013-qqvpz
    - velero/velero-nightly-20240725030013-sgmfb
    - velero/velero-nightly-20240725030013-sxq25
    - velero/velero-nightly-20240725030013-tbzxx
    - velero/velero-nightly-20240725030013-th6t8
    - velero/velero-nightly-20240725030013-tlnhg
    - velero/velero-nightly-20240725030013-vfm7m
    - velero/velero-nightly-20240725030013-w4wk8
    - velero/velero-nightly-20240725030013-w6shj
    - velero/velero-nightly-20240725030013-whw9x
    - velero/velero-nightly-20240725030013-wqsvc
    - velero/velero-nightly-20240725030013-wvgxn
    - velero/velero-nightly-20240725030013-wvkjk
    - velero/velero-nightly-20240725030013-x5lb4
    - velero/velero-nightly-20240725030013-xfwdl
    - velero/velero-nightly-20240725030013-xk7pm
    - velero/velero-nightly-20240725030013-xtv26
    - velero/velero-nightly-20240726030015-2cl8g
    - velero/velero-nightly-20240726030015-47j8l
    - velero/velero-nightly-20240726030015-4g8lb
    - velero/velero-nightly-20240726030015-4gx9q
    - velero/velero-nightly-20240726030015-4h68c
    - velero/velero-nightly-20240726030015-4nd2q
    - velero/velero-nightly-20240726030015-55f8d
    - velero/velero-nightly-20240726030015-5d77m
    - velero/velero-nightly-20240726030015-5k562
    - velero/velero-nightly-20240726030015-7zplw
    - velero/velero-nightly-20240726030015-8lpvj
    - velero/velero-nightly-20240726030015-8pmgh
    - velero/velero-nightly-20240726030015-8t2b7
    - velero/velero-nightly-20240726030015-9gw8s
    - velero/velero-nightly-20240726030015-9j4d5
    - velero/velero-nightly-20240726030015-9nf5t
    - velero/velero-nightly-20240726030015-9vn9z
    - velero/velero-nightly-20240726030015-9x5pl
    - velero/velero-nightly-20240726030015-b2b2q
    - velero/velero-nightly-20240726030015-bc7nn
    - velero/velero-nightly-20240726030015-bgsjq
    - velero/velero-nightly-20240726030015-c557w
    - velero/velero-nightly-20240726030015-c9wgj
    - velero/velero-nightly-20240726030015-cjv4n
    - velero/velero-nightly-20240726030015-crm6t
    - velero/velero-nightly-20240726030015-d7psh
    - velero/velero-nightly-20240726030015-h2wwn
    - velero/velero-nightly-20240726030015-hpfgg
    - velero/velero-nightly-20240726030015-ht5vk
    - velero/velero-nightly-20240726030015-jdwj8
    - velero/velero-nightly-20240726030015-lgmvd
    - velero/velero-nightly-20240726030015-lkjlw
    - velero/velero-nightly-20240726030015-lp4kc
    - velero/velero-nightly-20240726030015-mzp2b
    - velero/velero-nightly-20240726030015-nlftr
    - velero/velero-nightly-20240726030015-p2x5s
    - velero/velero-nightly-20240726030015-p4lvj
    - velero/velero-nightly-20240726030015-pff7p
    - velero/velero-nightly-20240726030015-pm8sn
    - velero/velero-nightly-20240726030015-pqbmn
    - velero/velero-nightly-20240726030015-r6mtg
    - velero/velero-nightly-20240726030015-r8m76
    - velero/velero-nightly-20240726030015-rbsgx
    - velero/velero-nightly-20240726030015-s8dlh
    - velero/velero-nightly-20240726030015-sllsq
    - velero/velero-nightly-20240726030015-sw78k
    - velero/velero-nightly-20240726030015-tbw26
    - velero/velero-nightly-20240726030015-v2bqk
    - velero/velero-nightly-20240726030015-wfkj5
    - velero/velero-nightly-20240726030015-wjqhc
    - velero/velero-nightly-20240726030015-wvxfl
    - velero/velero-nightly-20240726030015-wz4kz
    - velero/velero-nightly-20240726030015-xdt4s
    - velero/velero-nightly-20240726030015-xkx7b
    - velero/velero-nightly-20240726030015-xwffx
    - velero/velero-nightly-20240726030015-z589r
    - velero/velero-nightly-20240726030015-zgvpt
    - velero/velero-nightly-20240727030016-25kvv
    - velero/velero-nightly-20240727030016-29p4m
    - velero/velero-nightly-20240727030016-2ck2b
    - velero/velero-nightly-20240727030016-2nd5n
    - velero/velero-nightly-20240727030016-4g8vs
    - velero/velero-nightly-20240727030016-65h9j
    - velero/velero-nightly-20240727030016-6d5tw
    - velero/velero-nightly-20240727030016-6dr95
    - velero/velero-nightly-20240727030016-6r2qq
    - velero/velero-nightly-20240727030016-7w4hb
    - velero/velero-nightly-20240727030016-7zg6m
    - velero/velero-nightly-20240727030016-849hd
    - velero/velero-nightly-20240727030016-875sx
    - velero/velero-nightly-20240727030016-9bdt6
    - velero/velero-nightly-20240727030016-9c6sm
    - velero/velero-nightly-20240727030016-9h9t9
    - velero/velero-nightly-20240727030016-ch9dt
    - velero/velero-nightly-20240727030016-chcxv
    - velero/velero-nightly-20240727030016-clbml
    - velero/velero-nightly-20240727030016-dqltg
    - velero/velero-nightly-20240727030016-f2dzd
    - velero/velero-nightly-20240727030016-flwhh
    - velero/velero-nightly-20240727030016-ftvml
    - velero/velero-nightly-20240727030016-fxfft
    - velero/velero-nightly-20240727030016-gv298
    - velero/velero-nightly-20240727030016-gxl9f
    - velero/velero-nightly-20240727030016-hlppv
    - velero/velero-nightly-20240727030016-htcfl
    - velero/velero-nightly-20240727030016-j8sdd
    - velero/velero-nightly-20240727030016-jgwwj
    - velero/velero-nightly-20240727030016-kjj7j
    - velero/velero-nightly-20240727030016-kn6ln
    - velero/velero-nightly-20240727030016-lv6ms
    - velero/velero-nightly-20240727030016-m2zkl
    - velero/velero-nightly-20240727030016-m8cgz
    - velero/velero-nightly-20240727030016-m9dqf
    - velero/velero-nightly-20240727030016-mhb4l
    - velero/velero-nightly-20240727030016-n4tkn
    - velero/velero-nightly-20240727030016-nck8b
    - velero/velero-nightly-20240727030016-nhtrc
    - velero/velero-nightly-20240727030016-nmllp
    - velero/velero-nightly-20240727030016-nqrvp
    - velero/velero-nightly-20240727030016-ns4gr
    - velero/velero-nightly-20240727030016-nwbfx
    - velero/velero-nightly-20240727030016-pdmm9
    - velero/velero-nightly-20240727030016-pkql6
    - velero/velero-nightly-20240727030016-prz4w
    - velero/velero-nightly-20240727030016-pvdng
    - velero/velero-nightly-20240727030016-qnp26
    - velero/velero-nightly-20240727030016-szhsg
    - velero/velero-nightly-20240727030016-t8bk2
    - velero/velero-nightly-20240727030016-tv8g5
    - velero/velero-nightly-20240727030016-w8hd6
    - velero/velero-nightly-20240727030016-wtdjp
    - velero/velero-nightly-20240727030016-x8g2f
    - velero/velero-nightly-20240727030016-xflvp
    - velero/velero-nightly-20240727030016-xk2fm
    - velero/velero-nightly-20240727030016-zlt28
  velero.io/v1/Schedule:
    - velero/velero-nightly
  velero.io/v1/VolumeSnapshotLocation:
    - velero/aws-s3

Backup Volumes:
  Velero-Native Snapshots: <none included>

  CSI Snapshots: <none included>

  Pod Volume Backups: <none included>

HooksAttempted:  0
HooksFailed:     0
